Archive member included to satisfy reference by file (symbol)

c:/nxp/mcuxpressoide_11.6.0_8187/ide/plugins/com.nxp.mcuxpresso.tools.win32_11.6.0.202112161359/tools/bin/../lib/gcc/arm-none-eabi/10.3.1/../../../../arm-none-eabi/lib/thumb/v6-m/nofp\libcr_semihost_nf.a(_cr__main.o)
                              ./startup/startup_mkl25z4.o (__main)
c:/nxp/mcuxpressoide_11.6.0_8187/ide/plugins/com.nxp.mcuxpresso.tools.win32_11.6.0.202112161359/tools/bin/../lib/gcc/arm-none-eabi/10.3.1/../../../../arm-none-eabi/lib/thumb/v6-m/nofp\libcr_semihost_nf.a(_cr_assert.o)
                              ./source/main.o (__assertion_failed)
c:/nxp/mcuxpressoide_11.6.0_8187/ide/plugins/com.nxp.mcuxpresso.tools.win32_11.6.0.202112161359/tools/bin/../lib/gcc/arm-none-eabi/10.3.1/../../../../arm-none-eabi/lib/thumb/v6-m/nofp\libcr_semihost_nf.a(__ciob.o)
                              c:/nxp/mcuxpressoide_11.6.0_8187/ide/plugins/com.nxp.mcuxpresso.tools.win32_11.6.0.202112161359/tools/bin/../lib/gcc/arm-none-eabi/10.3.1/../../../../arm-none-eabi/lib/thumb/v6-m/nofp\libcr_semihost_nf.a(_cr_assert.o) (__Ciob)
c:/nxp/mcuxpressoide_11.6.0_8187/ide/plugins/com.nxp.mcuxpresso.tools.win32_11.6.0.202112161359/tools/bin/../lib/gcc/arm-none-eabi/10.3.1/../../../../arm-none-eabi/lib/thumb/v6-m/nofp\libcr_semihost_nf.a(__sys_appexit.o)
                              c:/nxp/mcuxpressoide_11.6.0_8187/ide/plugins/com.nxp.mcuxpresso.tools.win32_11.6.0.202112161359/tools/bin/../lib/gcc/arm-none-eabi/10.3.1/../../../../arm-none-eabi/lib/thumb/v6-m/nofp\libcr_semihost_nf.a(_cr_assert.o) (__sys_appexit)
c:/nxp/mcuxpressoide_11.6.0_8187/ide/plugins/com.nxp.mcuxpresso.tools.win32_11.6.0.202112161359/tools/bin/../lib/gcc/arm-none-eabi/10.3.1/../../../../arm-none-eabi/lib/thumb/v6-m/nofp\libcr_c.a(memcpy.o)
                              ./source/pbkdf2.o (memcpy)
c:/nxp/mcuxpressoide_11.6.0_8187/ide/plugins/com.nxp.mcuxpresso.tools.win32_11.6.0.202112161359/tools/bin/../lib/gcc/arm-none-eabi/10.3.1/../../../../arm-none-eabi/lib/thumb/v6-m/nofp\libcr_c.a(memset.o)
                              ./source/isha.o (memset)
c:/nxp/mcuxpressoide_11.6.0_8187/ide/plugins/com.nxp.mcuxpresso.tools.win32_11.6.0.202112161359/tools/bin/../lib/gcc/arm-none-eabi/10.3.1/../../../../arm-none-eabi/lib/thumb/v6-m/nofp\libcr_c.a(_deferredlazyseek.o)
                              c:/nxp/mcuxpressoide_11.6.0_8187/ide/plugins/com.nxp.mcuxpresso.tools.win32_11.6.0.202112161359/tools/bin/../lib/gcc/arm-none-eabi/10.3.1/../../../../arm-none-eabi/lib/thumb/v6-m/nofp\libcr_semihost_nf.a(_cr_assert.o) (__flsbuf)
c:/nxp/mcuxpressoide_11.6.0_8187/ide/plugins/com.nxp.mcuxpresso.tools.win32_11.6.0.202112161359/tools/bin/../lib/gcc/arm-none-eabi/10.3.1/../../../../arm-none-eabi/lib/thumb/v6-m/nofp\libcr_c.a(_fflush.o)
                              c:/nxp/mcuxpressoide_11.6.0_8187/ide/plugins/com.nxp.mcuxpresso.tools.win32_11.6.0.202112161359/tools/bin/../lib/gcc/arm-none-eabi/10.3.1/../../../../arm-none-eabi/lib/thumb/v6-m/nofp\libcr_c.a(_deferredlazyseek.o) (_fflush)
c:/nxp/mcuxpressoide_11.6.0_8187/ide/plugins/com.nxp.mcuxpresso.tools.win32_11.6.0.202112161359/tools/bin/../lib/gcc/arm-none-eabi/10.3.1/../../../../arm-none-eabi/lib/thumb/v6-m/nofp\libcr_c.a(_writebuf.o)
                              c:/nxp/mcuxpressoide_11.6.0_8187/ide/plugins/com.nxp.mcuxpresso.tools.win32_11.6.0.202112161359/tools/bin/../lib/gcc/arm-none-eabi/10.3.1/../../../../arm-none-eabi/lib/thumb/v6-m/nofp\libcr_c.a(_deferredlazyseek.o) (_Cwritebuf)
c:/nxp/mcuxpressoide_11.6.0_8187/ide/plugins/com.nxp.mcuxpresso.tools.win32_11.6.0.202112161359/tools/bin/../lib/gcc/arm-none-eabi/10.3.1/../../../../arm-none-eabi/lib/thumb/v6-m/nofp\libcr_c.a(alloc.o)
                              c:/nxp/mcuxpressoide_11.6.0_8187/ide/plugins/com.nxp.mcuxpresso.tools.win32_11.6.0.202112161359/tools/bin/../lib/gcc/arm-none-eabi/10.3.1/../../../../arm-none-eabi/lib/thumb/v6-m/nofp\libcr_c.a(_deferredlazyseek.o) (_Csys_alloc)
c:/nxp/mcuxpressoide_11.6.0_8187/ide/plugins/com.nxp.mcuxpresso.tools.win32_11.6.0.202112161359/tools/bin/../lib/gcc/arm-none-eabi/10.3.1/../../../../arm-none-eabi/lib/thumb/v6-m/nofp\libcr_c.a(fputs.o)
                              c:/nxp/mcuxpressoide_11.6.0_8187/ide/plugins/com.nxp.mcuxpresso.tools.win32_11.6.0.202112161359/tools/bin/../lib/gcc/arm-none-eabi/10.3.1/../../../../arm-none-eabi/lib/thumb/v6-m/nofp\libcr_semihost_nf.a(_cr_assert.o) (fputs)
c:/nxp/mcuxpressoide_11.6.0_8187/ide/plugins/com.nxp.mcuxpresso.tools.win32_11.6.0.202112161359/tools/bin/../lib/gcc/arm-none-eabi/10.3.1/../../../../arm-none-eabi/lib/thumb/v6-m/nofp\libcr_c.a(fseek.o)
                              c:/nxp/mcuxpressoide_11.6.0_8187/ide/plugins/com.nxp.mcuxpresso.tools.win32_11.6.0.202112161359/tools/bin/../lib/gcc/arm-none-eabi/10.3.1/../../../../arm-none-eabi/lib/thumb/v6-m/nofp\libcr_c.a(_deferredlazyseek.o) (fseek)
[...]
Memory Configuration

Name             Origin             Length             Attributes
PROGRAM_FLASH    0x00000000         0x00020000         xr
SRAM             0x1ffff000         0x00004000         xrw
*default*        0x00000000         0xffffffff

Linker script and memory map

LOAD ./utilities/fsl_debug_console.o
LOAD ./startup/startup_mkl25z4.o
LOAD ./source/ISHAPMB.o
LOAD ./source/isha.o
LOAD ./source/main.o
LOAD ./source/mtb.o
LOAD ./source/pbkdf2.o
LOAD ./source/pbkdf2_test.o
LOAD ./source/semihost_hardfault.o
LOAD ./source/ticktime.o
LOAD ./drivers/fsl_clock.o
LOAD ./drivers/fsl_common.o
LOAD ./drivers/fsl_flash.o
LOAD ./drivers/fsl_gpio.o
LOAD ./drivers/fsl_lpsci.o
LOAD ./drivers/fsl_smc.o
LOAD ./drivers/fsl_uart.o
LOAD ./board/board.o
LOAD ./board/clock_config.o
LOAD ./board/peripherals.o
LOAD ./board/pin_mux.o
LOAD ./CMSIS/system_MKL25Z4.o
START GROUP
LOAD c:/nxp/mcuxpressoide_11.6.0_8187/ide/plugins/com.nxp.mcuxpresso.tools.win32_11.6.0.202112161359/tools/bin/../lib/gcc/arm-none-eabi/10.3.1/../../../../arm-none-eabi/lib/thumb/v6-m/nofp\libcr_semihost_nf.a
LOAD c:/nxp/mcuxpressoide_11.6.0_8187/ide/plugins/com.nxp.mcuxpresso.tools.win32_11.6.0.202112161359/tools/bin/../lib/gcc/arm-none-eabi/10.3.1/../../../../arm-none-eabi/lib/thumb/v6-m/nofp\libcr_c.a
LOAD c:/nxp/mcuxpressoide_11.6.0_8187/ide/plugins/com.nxp.mcuxpresso.tools.win32_11.6.0.202112161359/tools/bin/../lib/gcc/arm-none-eabi/10.3.1/thumb/v6-m/nofp\libcr_eabihelpers.a
LOAD c:/nxp/mcuxpressoide_11.6.0_8187/ide/plugins/com.nxp.mcuxpresso.tools.win32_11.6.0.202112161359/tools/bin/../lib/gcc/arm-none-eabi/10.3.1/thumb/v6-m/nofp\libgcc.a
END GROUP
                0x00000000                __base_PROGRAM_FLASH = 0x0
                0x00000000                __base_Flash = 0x0
                0x00020000                __top_PROGRAM_FLASH = 0x20000
                0x00020000                __top_Flash = 0x20000
                0x1ffff000                __base_SRAM = 0x1ffff000
                0x1ffff000                __base_RAM = 0x1ffff000
                0x20003000                __top_SRAM = 0x20003000
                0x20003000                __top_RAM = 0x20003000

.text           0x00000000     0x516c
 FILL mask 0xff
                0x00000000                __vectors_start__ = ABSOLUTE (.)
 *(SORT_BY_ALIGNMENT(.isr_vector))
 .isr_vector    0x00000000       0xc0 ./startup/startup_mkl25z4.o
                0x00000000                g_pfnVectors
                0x00000000                __Vectors
                0x000000c0                . = ALIGN (0x4)
                0x000000c0                __section_table_start = .
                0x000000c0                __data_section_table = .
                0x000000c0        0x4 LONG 0x516c LOADADDR (.data)
                0x000000c4        0x4 LONG 0x1ffff080 ADDR (.data)
                0x000000c8        0x4 LONG 0xc SIZEOF (.data)
                0x000000cc                __data_section_table_end = .
                0x000000cc                __bss_section_table = .
                0x000000cc        0x4 LONG 0x1ffff08c ADDR (.bss)
                0x000000d0        0x4 LONG 0x304 SIZEOF (.bss)
                0x000000d4                __bss_section_table_end = .
                0x000000d4                __section_table_end = .
 *(SORT_BY_ALIGNMENT(.after_vectors*))
 .after_vectors.reset
                0x000000d4       0x4c ./startup/startup_mkl25z4.o
                0x000000d4                ResetISR
 .after_vectors.init_data
                0x00000120       0x12 ./startup/startup_mkl25z4.o
                0x00000120                data_init
 .after_vectors.init_bss
                0x00000132       0x10 ./startup/startup_mkl25z4.o
                0x00000132                bss_init
 .after_vectors
                0x00000142      0x10c ./startup/startup_mkl25z4.o
                0x00000142                NMI_Handler
                0x00000146                SVC_Handler
                0x00000148                PendSV_Handler
                0x0000014c                SPI1_DriverIRQHandler
                0x0000014c                LPTMR0_DriverIRQHandler
                0x0000014c                DMA0_DriverIRQHandler
                0x0000014c                I2C0_DriverIRQHandler
                0x0000014c                Reserved39_DriverIRQHandler
                0x0000014c                PORTD_DriverIRQHandler
                0x0000014c                DMA2_DriverIRQHandler
                0x0000014c                CMP0_DriverIRQHandler
                0x0000014c                TPM2_DriverIRQHandler
                0x0000014c                ADC0_DriverIRQHandler
                0x0000014c                SPI0_DriverIRQHandler
                0x0000014c                TSI0_DriverIRQHandler
                0x0000014c                RTC_Seconds_DriverIRQHandler
                0x0000014c                I2C1_DriverIRQHandler
                0x0000014c                DMA1_DriverIRQHandler
                0x0000014c                LLWU_DriverIRQHandler
                0x0000014c                MCG_DriverIRQHandler
                0x0000014c                PIT_DriverIRQHandler
                0x0000014c                RTC_DriverIRQHandler
                0x0000014c                TPM1_DriverIRQHandler
                0x0000014c                FTFA_DriverIRQHandler
                0x0000014c                IntDefaultHandler
                0x0000014c                USB0_DriverIRQHandler
                0x0000014c                DAC0_DriverIRQHandler
                0x0000014c                PORTA_DriverIRQHandler
                0x0000014c                LVD_LVW_DriverIRQHandler
                0x0000014c                TPM0_DriverIRQHandler
                0x0000014c                Reserved45_DriverIRQHandler
                0x0000014c                DMA3_DriverIRQHandler
                0x0000014c                Reserved20_DriverIRQHandler
                0x0000014e                DMA0_IRQHandler
                0x00000156                DMA1_IRQHandler
                0x0000015e                DMA2_IRQHandler
                0x00000166                DMA3_IRQHandler
                0x0000016e                Reserved20_IRQHandler
                0x00000176                FTFA_IRQHandler
                0x0000017e                LVD_LVW_IRQHandler
                0x00000186                LLWU_IRQHandler
                0x0000018e                I2C0_IRQHandler
                0x00000196                I2C1_IRQHandler
                0x0000019e                SPI0_IRQHandler
                0x000001a6                SPI1_IRQHandler
                0x000001ae                UART0_IRQHandler
                0x000001b6                UART1_IRQHandler
                0x000001be                UART2_IRQHandler
                0x000001c6                ADC0_IRQHandler
                0x000001ce                CMP0_IRQHandler
                0x000001d6                TPM0_IRQHandler
                0x000001de                TPM1_IRQHandler
                0x000001e6                TPM2_IRQHandler
                0x000001ee                RTC_IRQHandler
                0x000001f6                RTC_Seconds_IRQHandler
                0x000001fe                PIT_IRQHandler
                0x00000206                Reserved39_IRQHandler
                0x0000020e                USB0_IRQHandler
                0x00000216                DAC0_IRQHandler
                0x0000021e                TSI0_IRQHandler
                0x00000226                MCG_IRQHandler
                0x0000022e                LPTMR0_IRQHandler
                0x00000236                Reserved45_IRQHandler
                0x0000023e                PORTA_IRQHandler
                0x00000246                PORTD_IRQHandler
                0x00000400                . = 0x400
 *fill*         0x0000024e      0x1b2 ff
                0x00000400                PROVIDE (__FLASH_CONFIG_START__ = .)
 *(SORT_BY_ALIGNMENT(.FlashConfig))
 .FlashConfig   0x00000400       0x10 ./startup/startup_mkl25z4.o
                0x00000400                Flash_Config
                0x00000410                PROVIDE (__FLASH_CONFIG_END__ = .)
                0x00000001                ASSERT (! ((__FLASH_CONFIG_START__ == __FLASH_CONFIG_END__)), Linker Flash Config Support Enabled, but no .FlashConfig section provided within application)
 *(SORT_BY_ALIGNMENT(.text*))
 .text.DbgConsole_Init
                0x00000410       0xf4 ./utilities/fsl_debug_console.o
                0x00000410                DbgConsole_Init
 .text.__sys_write
                0x00000504       0x58 ./utilities/fsl_debug_console.o
                0x00000504                __sys_write
 .text.ISHAReset
                0x0000055c       0x5c ./source/isha.o
                0x0000055c                ISHAReset
 .text.time_pbkdf2_hmac_isha
                0x000005b8      0x154 ./source/main.o
 .text.run_tests
                0x0000070c       0x78 ./source/main.o
 .text.main     0x00000784       0x4c ./source/main.o
                0x00000784                main
 .text.hmac_isha
                0x000007d0      0x15c ./source/pbkdf2.o
                0x000007d0                hmac_isha
 .text.F        0x0000092c      0x2c8 ./source/pbkdf2.o
 .text.pbkdf2_hmac_isha
                0x00000bf4      0x130 ./source/pbkdf2.o
                0x00000bf4                pbkdf2_hmac_isha
 .text.hexdigit_to_int
                0x00000d24       0x70 ./source/pbkdf2_test.o
 .text.test_isha
                0x00000d94      0x23c ./source/pbkdf2_test.o
                0x00000d94                test_isha
 .text.test_hmac_isha
                0x00000fd0      0x110 ./source/pbkdf2_test.o
                0x00000fd0                test_hmac_isha
 .text.test_pbkdf2_hmac_isha
                0x000010e0      0x228 ./source/pbkdf2_test.o
                0x000010e0                test_pbkdf2_hmac_isha
 .text.HardFault_Handler
                0x00001308       0x30 ./source/semihost_hardfault.o
                0x00001308                HardFault_Handler
 .text.NVIC_EnableIRQ
                0x00001338       0x2c ./source/ticktime.o
 .text.NVIC_ClearPendingIRQ
                0x00001364       0x30 ./source/ticktime.o
 .text.NVIC_SetPriority
                0x00001394       0xdc ./source/ticktime.o
 .text.init_ticktime
                0x00001470       0x68 ./source/ticktime.o
                0x00001470                init_ticktime
 .text.SysTick_Handler
                0x000014d8       0x18 ./source/ticktime.o
                0x000014d8                SysTick_Handler
 .text.reset_timer
                0x000014f0       0x1c ./source/ticktime.o
                0x000014f0                reset_timer
 .text.get_timer
                0x0000150c       0x1c ./source/ticktime.o
                0x0000150c                get_timer
 .text.CLOCK_SetEr32kClock
                0x00001528       0x34 ./drivers/fsl_clock.o
 .text.CLOCK_SetPllFllSelClock
                0x0000155c       0x38 ./drivers/fsl_clock.o
 .text.CLOCK_GetMcgExtClkFreq
                0x00001594       0x28 ./drivers/fsl_clock.o
 .text.CLOCK_GetFllExtRefClkFreq
                0x000015bc       0xa8 ./drivers/fsl_clock.o
 .text.CLOCK_GetFllRefClkFreq
                0x00001664       0x2c ./drivers/fsl_clock.o
 .text.CLOCK_GetOscRangeFromFreq
                0x00001690       0x4c ./drivers/fsl_clock.o
 .text.CLOCK_GetPllFllSelClkFreq
                0x000016dc       0x4c ./drivers/fsl_clock.o
                0x000016dc                CLOCK_GetPllFllSelClkFreq
 .text.CLOCK_SetSimConfig
                0x00001728       0x38 ./drivers/fsl_clock.o
                0x00001728                CLOCK_SetSimConfig
 .text.CLOCK_GetFllFreq
                0x00001760       0x84 ./drivers/fsl_clock.o
                0x00001760                CLOCK_GetFllFreq
 .text.CLOCK_GetPll0Freq
                0x000017e4       0x70 ./drivers/fsl_clock.o
                0x000017e4                CLOCK_GetPll0Freq
 .text.CLOCK_SetInternalRefClkConfig
                0x00001854      0x124 ./drivers/fsl_clock.o
                0x00001854                CLOCK_SetInternalRefClkConfig
 .text.CLOCK_EnablePll0
                0x00001978       0x94 ./drivers/fsl_clock.o
                0x00001978                CLOCK_EnablePll0
 .text.CLOCK_InitOsc0
                0x00001a0c       0x94 ./drivers/fsl_clock.o
                0x00001a0c                CLOCK_InitOsc0
 .text.CLOCK_SetPbeMode
                0x00001aa0       0xb0 ./drivers/fsl_clock.o
                0x00001aa0                CLOCK_SetPbeMode
 .text.CLOCK_BootToPeeMode
                0x00001b50       0x70 ./drivers/fsl_clock.o
                0x00001b50                CLOCK_BootToPeeMode
 .text.CLOCK_EnableClock
                0x00001bc0       0x34 ./drivers/fsl_lpsci.o
 .text.LPSCI_GetInstance
                0x00001bf4       0x48 ./drivers/fsl_lpsci.o
                0x00001bf4                LPSCI_GetInstance
 .text.LPSCI_Init
                0x00001c3c      0x258 ./drivers/fsl_lpsci.o
                0x00001c3c                LPSCI_Init
 .text.LPSCI_GetDefaultConfig
                0x00001e94       0x44 ./drivers/fsl_lpsci.o
                0x00001e94                LPSCI_GetDefaultConfig
 .text.LPSCI_ClearStatusFlags
                0x00001ed8       0x94 ./drivers/fsl_lpsci.o
                0x00001ed8                LPSCI_ClearStatusFlags
 .text.LPSCI_WriteBlocking
                0x00001f6c       0x4c ./drivers/fsl_lpsci.o
                0x00001f6c                LPSCI_WriteBlocking
 .text.LPSCI_ReadBlocking
                0x00001fb8       0xc0 ./drivers/fsl_lpsci.o
                0x00001fb8                LPSCI_ReadBlocking
 .text.UART0_DriverIRQHandler
                0x00002078       0x24 ./drivers/fsl_lpsci.o
                0x00002078                UART0_DriverIRQHandler
 .text.CLOCK_EnableClock
                0x0000209c       0x34 ./drivers/fsl_uart.o
 .text.UART_GetInstance
                0x000020d0       0x54 ./drivers/fsl_uart.o
                0x000020d0                UART_GetInstance
 .text.UART_Init
                0x00002124      0x1e0 ./drivers/fsl_uart.o
                0x00002124                UART_Init
 .text.UART_GetDefaultConfig
                0x00002304       0x44 ./drivers/fsl_uart.o
                0x00002304                UART_GetDefaultConfig
 .text.UART_ReadBlocking
                0x00002348       0x98 ./drivers/fsl_uart.o
                0x00002348                UART_ReadBlocking
 .text.UART1_DriverIRQHandler
                0x000023e0       0x24 ./drivers/fsl_uart.o
                0x000023e0                UART1_DriverIRQHandler
 .text.UART2_DriverIRQHandler
                0x00002404       0x24 ./drivers/fsl_uart.o
                0x00002404                UART2_DriverIRQHandler
 .text.CLOCK_SetLpsci0Clock
                0x00002428       0x38 ./board/board.o
 .text.BOARD_InitDebugConsole
                0x00002460       0x30 ./board/board.o
                0x00002460                BOARD_InitDebugConsole
 .text.CLOCK_SetSimSafeDivs
                0x00002490       0x20 ./board/clock_config.o
 .text.CLOCK_SetXtal0Freq
                0x000024b0       0x1c ./board/clock_config.o
 .text.CLOCK_CONFIG_SetFllExtRefDiv
                0x000024cc       0x3c ./board/clock_config.o
 .text.BOARD_BootClockRUN
                0x00002508       0x64 ./board/clock_config.o
                0x00002508                BOARD_BootClockRUN
 .text.CLOCK_EnableClock
                0x0000256c       0x34 ./board/pin_mux.o
 .text.PORT_SetPinMux
                0x000025a0       0x40 ./board/pin_mux.o
 .text.BOARD_InitPins
                0x000025e0       0x4c ./board/pin_mux.o
                0x000025e0                BOARD_InitPins
 .text.SystemInit
                0x0000262c       0x18 ./CMSIS/system_MKL25Z4.o
                0x0000262c                SystemInit
 .text.__assertion_failed
                0x00002644       0x4c c:/nxp/mcuxpressoide_11.6.0_8187/ide/plugins/com.nxp.mcuxpresso.tools.win32_11.6.0.202112161359/tools/bin/../lib/gcc/arm-none-eabi/10.3.1/../../../../arm-none-eabi/lib/thumb/v6-m/nofp\libcr_semihost_nf.a(_cr_assert.o)
                0x00002644                __assertion_failed
 .text.__sys_appexit
                0x00002690        0xc c:/nxp/mcuxpressoide_11.6.0_8187/ide/plugins/com.nxp.mcuxpresso.tools.win32_11.6.0.202112161359/tools/bin/../lib/gcc/arm-none-eabi/10.3.1/../../../../arm-none-eabi/lib/thumb/v6-m/nofp\libcr_semihost_nf.a(__sys_appexit.o)
                0x00002690                __sys_appexit
                0x00002690                __exit
 .text._deferredlazyseek
                0x0000269c       0x40 c:/nxp/mcuxpressoide_11.6.0_8187/ide/plugins/com.nxp.mcuxpresso.tools.win32_11.6.0.202112161359/tools/bin/../lib/gcc/arm-none-eabi/10.3.1/../../../../arm-none-eabi/lib/thumb/v6-m/nofp\libcr_c.a(_deferredlazyseek.o)
                0x0000269c                _deferredlazyseek
 .text.__flsbuf
                0x000026dc      0x150 c:/nxp/mcuxpressoide_11.6.0_8187/ide/plugins/com.nxp.mcuxpresso.tools.win32_11.6.0.202112161359/tools/bin/../lib/gcc/arm-none-eabi/10.3.1/../../../../arm-none-eabi/lib/thumb/v6-m/nofp\libcr_c.a(_deferredlazyseek.o)
                0x000026dc                __flsbuf
 .text._fflush  0x0000282c       0x60 c:/nxp/mcuxpressoide_11.6.0_8187/ide/plugins/com.nxp.mcuxpresso.tools.win32_11.6.0.202112161359/tools/bin/../lib/gcc/arm-none-eabi/10.3.1/../../../../arm-none-eabi/lib/thumb/v6-m/nofp\libcr_c.a(_fflush.o)
                0x0000282c                _fflush
 .text._Cwritebuf
                0x0000288c       0x68 c:/nxp/mcuxpressoide_11.6.0_8187/ide/plugins/com.nxp.mcuxpresso.tools.win32_11.6.0.202112161359/tools/bin/../lib/gcc/arm-none-eabi/10.3.1/../../../../arm-none-eabi/lib/thumb/v6-m/nofp\libcr_c.a(_writebuf.o)
                0x0000288c                _Cwritebuf
 .text.malloc   0x000028f4       0xcc c:/nxp/mcuxpressoide_11.6.0_8187/ide/plugins/com.nxp.mcuxpresso.tools.win32_11.6.0.202112161359/tools/bin/../lib/gcc/arm-none-eabi/10.3.1/../../../../arm-none-eabi/lib/thumb/v6-m/nofp\libcr_c.a(alloc.o)
                0x000028f4                malloc
 .text._Csys_alloc
                0x000029c0       0x20 c:/nxp/mcuxpressoide_11.6.0_8187/ide/plugins/com.nxp.mcuxpresso.tools.win32_11.6.0.202112161359/tools/bin/../lib/gcc/arm-none-eabi/10.3.1/../../../../arm-none-eabi/lib/thumb/v6-m/nofp\libcr_c.a(alloc.o)
                0x000029c0                _Csys_alloc
 .text.fseek    0x000029e0       0xf0 c:/nxp/mcuxpressoide_11.6.0_8187/ide/plugins/com.nxp.mcuxpresso.tools.win32_11.6.0.202112161359/tools/bin/../lib/gcc/arm-none-eabi/10.3.1/../../../../arm-none-eabi/lib/thumb/v6-m/nofp\libcr_c.a(fseek.o)
                0x000029e0                fseek
 .text.ftell    0x00002ad0       0x48 c:/nxp/mcuxpressoide_11.6.0_8187/ide/plugins/com.nxp.mcuxpresso.tools.win32_11.6.0.202112161359/tools/bin/../lib/gcc/arm-none-eabi/10.3.1/../../../../arm-none-eabi/lib/thumb/v6-m/nofp\libcr_c.a(ftell.o)
                0x00002ad0                ftell
 .text._initio  0x00002b18       0x7c c:/nxp/mcuxpressoide_11.6.0_8187/ide/plugins/com.nxp.mcuxpresso.tools.win32_11.6.0.202112161359/tools/bin/../lib/gcc/arm-none-eabi/10.3.1/../../../../arm-none-eabi/lib/thumb/v6-m/nofp\libcr_c.a(initio.o)
                0x00002b18                _initio
 .text._terminateio
                0x00002b94       0x50 c:/nxp/mcuxpressoide_11.6.0_8187/ide/plugins/com.nxp.mcuxpresso.tools.win32_11.6.0.202112161359/tools/bin/../lib/gcc/arm-none-eabi/10.3.1/../../../../arm-none-eabi/lib/thumb/v6-m/nofp\libcr_c.a(initio.o)
                0x00002b94                _terminateio
 .text.__vfprintf
                0x00002be4      0xd40 c:/nxp/mcuxpressoide_11.6.0_8187/ide/plugins/com.nxp.mcuxpresso.tools.win32_11.6.0.202112161359/tools/bin/../lib/gcc/arm-none-eabi/10.3.1/../../../../arm-none-eabi/lib/thumb/v6-m/nofp\libcr_c.a(printf.o)
                0x00002be4                __vfprintf
 .text._vsnprintf
                0x00003924       0x70 c:/nxp/mcuxpressoide_11.6.0_8187/ide/plugins/com.nxp.mcuxpresso.tools.win32_11.6.0.202112161359/tools/bin/../lib/gcc/arm-none-eabi/10.3.1/../../../../arm-none-eabi/lib/thumb/v6-m/nofp\libcr_c.a(printf.o)
                0x00003924                _vsnprintf
 .text._printf  0x00003994       0x50 c:/nxp/mcuxpressoide_11.6.0_8187/ide/plugins/com.nxp.mcuxpresso.tools.win32_11.6.0.202112161359/tools/bin/../lib/gcc/arm-none-eabi/10.3.1/../../../../arm-none-eabi/lib/thumb/v6-m/nofp\libcr_c.a(printf.o)
                0x00003994                _printf
 .text.setvbuf  0x000039e4       0x4c c:/nxp/mcuxpressoide_11.6.0_8187/ide/plugins/com.nxp.mcuxpresso.tools.win32_11.6.0.202112161359/tools/bin/../lib/gcc/arm-none-eabi/10.3.1/../../../../arm-none-eabi/lib/thumb/v6-m/nofp\libcr_c.a(setvbuf.o)
                0x000039e4                setvbuf
 .text.exit     0x00003a30       0x2c c:/nxp/mcuxpressoide_11.6.0_8187/ide/plugins/com.nxp.mcuxpresso.tools.win32_11.6.0.202112161359/tools/bin/../lib/gcc/arm-none-eabi/10.3.1/../../../../arm-none-eabi/lib/thumb/v6-m/nofp\libcr_c.a(stdlib.o)
                0x00003a30                exit
 .text.strlen   0x00003a5c       0x58 c:/nxp/mcuxpressoide_11.6.0_8187/ide/plugins/com.nxp.mcuxpresso.tools.win32_11.6.0.202112161359/tools/bin/../lib/gcc/arm-none-eabi/10.3.1/../../../../arm-none-eabi/lib/thumb/v6-m/nofp\libcr_c.a(strlen.o)
                0x00003a5c                strlen
 .text._sbrk    0x00003ab4       0x44 c:/nxp/mcuxpressoide_11.6.0_8187/ide/plugins/com.nxp.mcuxpresso.tools.win32_11.6.0.202112161359/tools/bin/../lib/gcc/arm-none-eabi/10.3.1/../../../../arm-none-eabi/lib/thumb/v6-m/nofp\libcr_c.a(_cr_sbrk.o)
                0x00003ab4                _sbrk
 .text._fdopen  0x00003af8       0x74 c:/nxp/mcuxpressoide_11.6.0_8187/ide/plugins/com.nxp.mcuxpresso.tools.win32_11.6.0.202112161359/tools/bin/../lib/gcc/arm-none-eabi/10.3.1/../../../../arm-none-eabi/lib/thumb/v6-m/nofp\libcr_c.a(_fdopen.o)
                0x00003af8                _fdopen
 .text.fclose   0x00003b6c       0x5c c:/nxp/mcuxpressoide_11.6.0_8187/ide/plugins/com.nxp.mcuxpresso.tools.win32_11.6.0.202112161359/tools/bin/../lib/gcc/arm-none-eabi/10.3.1/../../../../arm-none-eabi/lib/thumb/v6-m/nofp\libcr_c.a(fclose.o)
                0x00003b6c                fclose
 .text.fflush   0x00003bc8       0x44 c:/nxp/mcuxpressoide_11.6.0_8187/ide/plugins/com.nxp.mcuxpresso.tools.win32_11.6.0.202112161359/tools/bin/../lib/gcc/arm-none-eabi/10.3.1/../../../../arm-none-eabi/lib/thumb/v6-m/nofp\libcr_c.a(fflush.o)
                0x00003bc8                fflush
 .text.__check_heap_overflow
                0x00003c0c       0x18 c:/nxp/mcuxpressoide_11.6.0_8187/ide/plugins/com.nxp.mcuxpresso.tools.win32_11.6.0.202112161359/tools/bin/../lib/gcc/arm-none-eabi/10.3.1/../../../../arm-none-eabi/lib/thumb/v6-m/nofp\libcr_c.a(_cr_check_heap.o)
                0x00003c0c                __check_heap_overflow
 .text._do_fflush
                0x00003c24       0x48 c:/nxp/mcuxpressoide_11.6.0_8187/ide/plugins/com.nxp.mcuxpresso.tools.win32_11.6.0.202112161359/tools/bin/../lib/gcc/arm-none-eabi/10.3.1/../../../../arm-none-eabi/lib/thumb/v6-m/nofp\libcr_c.a(_do_fflush.o)
                0x00003c24                _do_fflush
 .text.UART_EnableTx
                0x00003c6c       0x40 ./utilities/fsl_debug_console.o
 .text.UART_EnableRx
                0x00003cac       0x40 ./utilities/fsl_debug_console.o
 .text.LPSCI_EnableTx
                0x00003cec       0x40 ./utilities/fsl_debug_console.o
 .text.LPSCI_EnableRx
                0x00003d2c       0x40 ./utilities/fsl_debug_console.o
 .text          0x00003d6c       0xb4 ./source/ISHAPMB.o
                0x00003d6c                ISHAProcessMessageBlock
 .text.ISHAPadMessage
                0x00003e20       0xa2 ./source/isha.o
 .text.ISHAResult
                0x00003ec2       0x6c ./source/isha.o
                0x00003ec2                ISHAResult
 .text.ISHAInput
                0x00003f2e       0x58 ./source/isha.o
                0x00003f2e                ISHAInput
 .text.cmp_bin  0x00003f86       0x42 ./source/pbkdf2_test.o
                0x00003f86                cmp_bin
 .text.hexstr_to_bytes
                0x00003fc8       0x64 ./source/pbkdf2_test.o
                0x00003fc8                hexstr_to_bytes
 .text.OSC_SetExtRefClkConfig
                0x0000402c       0x3e ./drivers/fsl_clock.o
 .text.OSC_SetCapLoad
                0x0000406a       0x42 ./drivers/fsl_clock.o
 .text.CLOCK_GetPll0RefFreq
                0x000040ac       0x10 ./drivers/fsl_clock.o
 .text.CLOCK_SetExternalRefClkConfig
                0x000040bc       0x16 ./drivers/fsl_clock.o
                0x000040bc                CLOCK_SetExternalRefClkConfig
 .text.LPSCI_GetStatusFlags
                0x000040d2       0x26 ./drivers/fsl_lpsci.o
                0x000040d2                LPSCI_GetStatusFlags
 .text.UART_GetStatusFlags
                0x000040f8       0x26 ./drivers/fsl_uart.o
                0x000040f8                UART_GetStatusFlags
 .text.UART_WriteBlocking
                0x0000411e       0x3c ./drivers/fsl_uart.o
                0x0000411e                UART_WriteBlocking
 .text.BOARD_InitBootClocks
                0x0000415a        0xe ./board/clock_config.o
                0x0000415a                BOARD_InitBootClocks
 .text.BOARD_InitBootPeripherals
                0x00004168        0xa ./board/peripherals.o
                0x00004168                BOARD_InitBootPeripherals
 .text.BOARD_InitBootPins
                0x00004172        0xe ./board/pin_mux.o
                0x00004172                BOARD_InitBootPins
 .text.__main   0x00004180        0xc c:/nxp/mcuxpressoide_11.6.0_8187/ide/plugins/com.nxp.mcuxpresso.tools.win32_11.6.0.202112161359/tools/bin/../lib/gcc/arm-none-eabi/10.3.1/../../../../arm-none-eabi/lib/thumb/v6-m/nofp\libcr_semihost_nf.a(_cr__main.o)
                0x00004180                __CR_SEMIHOST
                0x00004180                __main
 .text.memcpy   0x0000418c        0x8 c:/nxp/mcuxpressoide_11.6.0_8187/ide/plugins/com.nxp.mcuxpresso.tools.win32_11.6.0.202112161359/tools/bin/../lib/gcc/arm-none-eabi/10.3.1/../../../../arm-none-eabi/lib/thumb/v6-m/nofp\libcr_c.a(memcpy.o)
                0x0000418c                memcpy
 .text.memset   0x00004194        0x8 c:/nxp/mcuxpressoide_11.6.0_8187/ide/plugins/com.nxp.mcuxpresso.tools.win32_11.6.0.202112161359/tools/bin/../lib/gcc/arm-none-eabi/10.3.1/../../../../arm-none-eabi/lib/thumb/v6-m/nofp\libcr_c.a(memset.o)
                0x00004194                memset
 .text.free     0x0000419c       0x2c c:/nxp/mcuxpressoide_11.6.0_8187/ide/plugins/com.nxp.mcuxpresso.tools.win32_11.6.0.202112161359/tools/bin/../lib/gcc/arm-none-eabi/10.3.1/../../../../arm-none-eabi/lib/thumb/v6-m/nofp\libcr_c.a(alloc.o)
                0x0000419c                free
 .text.fputs    0x000041c8       0x2e c:/nxp/mcuxpressoide_11.6.0_8187/ide/plugins/com.nxp.mcuxpresso.tools.win32_11.6.0.202112161359/tools/bin/../lib/gcc/arm-none-eabi/10.3.1/../../../../arm-none-eabi/lib/thumb/v6-m/nofp\libcr_c.a(fputs.o)
                0x000041c8                fputs
 .text.no_fp_display
                0x000041f6        0x4 c:/nxp/mcuxpressoide_11.6.0_8187/ide/plugins/com.nxp.mcuxpresso.tools.win32_11.6.0.202112161359/tools/bin/../lib/gcc/arm-none-eabi/10.3.1/../../../../arm-none-eabi/lib/thumb/v6-m/nofp\libcr_c.a(printf.o)
 .text.remove   0x000041fa       0x12 c:/nxp/mcuxpressoide_11.6.0_8187/ide/plugins/com.nxp.mcuxpresso.tools.win32_11.6.0.202112161359/tools/bin/../lib/gcc/arm-none-eabi/10.3.1/../../../../arm-none-eabi/lib/thumb/v6-m/nofp\libcr_c.a(remove.o)
                0x000041fa                remove
 .text.__aeabi_division_idivmod
                0x0000420c       0x78 c:/nxp/mcuxpressoide_11.6.0_8187/ide/plugins/com.nxp.mcuxpresso.tools.win32_11.6.0.202112161359/tools/bin/../lib/gcc/arm-none-eabi/10.3.1/thumb/v6-m/nofp\libcr_eabihelpers.a(division_32.o)
                0x0000420c                __aeabi_idivmod
                0x0000420c                __aeabi_idiv
                0x00004212                __aeabi_uidivmod
                0x00004212                __aeabi_uidiv
 .text.__aeabi_division_idiv0
                0x00004284        0x2 c:/nxp/mcuxpressoide_11.6.0_8187/ide/plugins/com.nxp.mcuxpresso.tools.win32_11.6.0.202112161359/tools/bin/../lib/gcc/arm-none-eabi/10.3.1/thumb/v6-m/nofp\libcr_eabihelpers.a(division_idiv0.o)
                0x00004284                __aeabi_idiv0
 .text.__aeabi_llong_lmul
                0x00004286       0x2e c:/nxp/mcuxpressoide_11.6.0_8187/ide/plugins/com.nxp.mcuxpresso.tools.win32_11.6.0.202112161359/tools/bin/../lib/gcc/arm-none-eabi/10.3.1/thumb/v6-m/nofp\libcr_eabihelpers.a(llong.o)
                0x00004286                __aeabi_lmul
 .text.__aeabi_memcpy
                0x000042b4       0x2c c:/nxp/mcuxpressoide_11.6.0_8187/ide/plugins/com.nxp.mcuxpresso.tools.win32_11.6.0.202112161359/tools/bin/../lib/gcc/arm-none-eabi/10.3.1/thumb/v6-m/nofp\libcr_eabihelpers.a(memcpy.o)
                0x000042b4                __aeabi_memcpy4
                0x000042b4                __aeabi_memcpy8
                0x000042b4                __aeabi_memcpy
 .text.__aeabi_memset_lowlevel
                0x000042e0       0x2a c:/nxp/mcuxpressoide_11.6.0_8187/ide/plugins/com.nxp.mcuxpresso.tools.win32_11.6.0.202112161359/tools/bin/../lib/gcc/arm-none-eabi/10.3.1/thumb/v6-m/nofp\libcr_eabihelpers.a(memcpy.o)
                0x000042e0                __aeabi_lowlevel_memset
 .text.__gnu_thumb1_case_shi
                0x0000430a       0x10 c:/nxp/mcuxpressoide_11.6.0_8187/ide/plugins/com.nxp.mcuxpresso.tools.win32_11.6.0.202112161359/tools/bin/../lib/gcc/arm-none-eabi/10.3.1/thumb/v6-m/nofp\libcr_eabihelpers.a(thumb1_switch_helpers.o)
                0x0000430a                __gnu_thumb1_case_shi
 .text.__sys_close
                0x0000431a        0xc c:/nxp/mcuxpressoide_11.6.0_8187/ide/plugins/com.nxp.mcuxpresso.tools.win32_11.6.0.202112161359/tools/bin/../lib/gcc/arm-none-eabi/10.3.1/../../../../arm-none-eabi/lib/thumb/v6-m/nofp\libcr_semihost_nf.a(__sys_close.o)
                0x0000431a                __sys_close
 .text.__sys_flen
                0x00004326        0xc c:/nxp/mcuxpressoide_11.6.0_8187/ide/plugins/com.nxp.mcuxpresso.tools.win32_11.6.0.202112161359/tools/bin/../lib/gcc/arm-none-eabi/10.3.1/../../../../arm-none-eabi/lib/thumb/v6-m/nofp\libcr_semihost_nf.a(__sys_flen.o)
                0x00004326                __sys_flen
 .text.__sys_istty
                0x00004332        0xc c:/nxp/mcuxpressoide_11.6.0_8187/ide/plugins/com.nxp.mcuxpresso.tools.win32_11.6.0.202112161359/tools/bin/../lib/gcc/arm-none-eabi/10.3.1/../../../../arm-none-eabi/lib/thumb/v6-m/nofp\libcr_semihost_nf.a(__sys_istty.o)
                0x00004332                __sys_istty
 .text.__sys_remove
                0x0000433e        0xc c:/nxp/mcuxpressoide_11.6.0_8187/ide/plugins/com.nxp.mcuxpresso.tools.win32_11.6.0.202112161359/tools/bin/../lib/gcc/arm-none-eabi/10.3.1/../../../../arm-none-eabi/lib/thumb/v6-m/nofp\libcr_semihost_nf.a(__sys_remove.o)
                0x0000433e                __sys_remove
 .text.__sys_seek
                0x0000434a        0xc c:/nxp/mcuxpressoide_11.6.0_8187/ide/plugins/com.nxp.mcuxpresso.tools.win32_11.6.0.202112161359/tools/bin/../lib/gcc/arm-none-eabi/10.3.1/../../../../arm-none-eabi/lib/thumb/v6-m/nofp\libcr_semihost_nf.a(__sys_seek.o)
                0x0000434a                __sys_seek
 .text.__sys_tmpnam
                0x00004356        0xc c:/nxp/mcuxpressoide_11.6.0_8187/ide/plugins/com.nxp.mcuxpresso.tools.win32_11.6.0.202112161359/tools/bin/../lib/gcc/arm-none-eabi/10.3.1/../../../../arm-none-eabi/lib/thumb/v6-m/nofp\libcr_semihost_nf.a(__sys_tmpnam.o)
                0x00004356                __sys_tmpnam
 *(SORT_BY_ALIGNMENT(.rodata) SORT_BY_ALIGNMENT(.rodata.*) SORT_BY_ALIGNMENT(.constdata) SORT_BY_ALIGNMENT(.constdata.*))
 *fill*         0x00004362        0x2 ff
 .rodata.time_pbkdf2_hmac_isha.str1.4
                0x00004364       0xe0 ./source/main.o
 .rodata.run_tests.str1.4
                0x00004444       0x22 ./source/main.o
 *fill*         0x00004466        0x2 ff
 .rodata.main.str1.4
                0x00004468       0x49 ./source/main.o
 *fill*         0x000044b1        0x3 ff
 .rodata.__FUNCTION__.0
                0x000044b4       0x16 ./source/main.o
 *fill*         0x000044ca        0x2 ff
 .rodata.F.str1.4
                0x000044cc       0x2f ./source/pbkdf2.o
 *fill*         0x000044fb        0x1 ff
 .rodata.pbkdf2_hmac_isha.str1.4
                0x000044fc       0x2b ./source/pbkdf2.o
 *fill*         0x00004527        0x1 ff
 .rodata.str1.4
                0x00004528      0x7c1 ./source/pbkdf2_test.o
                                0x7d5 (size before relaxing)
 *fill*         0x00004ce9        0x3 ff
 .rodata.hexdigit_to_int.str1.4
                0x00004cec       0x15 ./source/pbkdf2_test.o
 *fill*         0x00004d01        0x3 ff
 .rodata.test_isha.str1.4
                0x00004d04       0x2e ./source/pbkdf2_test.o
 *fill*         0x00004d32        0x2 ff
 .rodata        0x00004d34      0x120 ./source/pbkdf2_test.o
 .rodata.test_pbkdf2_hmac_isha.str1.4
                0x00004e54       0x3a ./source/pbkdf2_test.o
 *fill*         0x00004e8e        0x2 ff
 .rodata.__FUNCTION__.2
                0x00004e90        0xa ./source/pbkdf2_test.o
 *fill*         0x00004e9a        0x2 ff
 .rodata.__FUNCTION__.1
                0x00004e9c        0xf ./source/pbkdf2_test.o
 *fill*         0x00004eab        0x1 ff
 .rodata.__FUNCTION__.0
                0x00004eac       0x16 ./source/pbkdf2_test.o
 *fill*         0x00004ec2        0x2 ff
 .rodata.CLOCK_GetMcgExtClkFreq.str1.4
                0x00004ec4       0x1e ./drivers/fsl_clock.o
 *fill*         0x00004ee2        0x2 ff
 .rodata.CLOCK_GetPll0Freq.str1.4
                0x00004ee4       0x1d ./drivers/fsl_clock.o
 *fill*         0x00004f01        0x3 ff
 .rodata.CLOCK_EnablePll0.str1.4
                0x00004f04       0x19 ./drivers/fsl_clock.o
 *fill*         0x00004f1d        0x3 ff
 .rodata.CLOCK_SetPbeMode.str1.4
                0x00004f20       0x1a ./drivers/fsl_clock.o
 *fill*         0x00004f3a        0x2 ff
 .rodata.CLOCK_BootToPeeMode.str1.4
                0x00004f3c       0x1a ./drivers/fsl_clock.o
 *fill*         0x00004f56        0x2 ff
 .rodata.fllFactorTable.1
                0x00004f58       0x10 ./drivers/fsl_clock.o
 .rodata.LPSCI_GetInstance.str1.4
                0x00004f68       0x36 ./drivers/fsl_lpsci.o
 *fill*         0x00004f9e        0x2 ff
 .rodata.LPSCI_Init.str1.4
                0x00004fa0       0x43 ./drivers/fsl_lpsci.o
 *fill*         0x00004fe3        0x1 ff
 .rodata.LPSCI_GetDefaultConfig.str1.4
                0x00004fe4       0x19 ./drivers/fsl_lpsci.o
 *fill*         0x00004ffd        0x3 ff
 .rodata.LPSCI_WriteBlocking.str1.4
                0x00005000       0x17 ./drivers/fsl_lpsci.o
 *fill*         0x00005017        0x1 ff
 .rodata.LPSCI_ReadBlocking.str1.4
                0x00005018       0x17 ./drivers/fsl_lpsci.o
 *fill*         0x0000502f        0x1 ff
 .rodata.s_uartBases
                0x00005030        0xc ./drivers/fsl_uart.o
 .rodata.s_uartClock
                0x0000503c        0xc ./drivers/fsl_uart.o
 .rodata.UART_GetInstance.str1.4
                0x00005048       0x2b ./drivers/fsl_uart.o
 *fill*         0x00005073        0x1 ff
 .rodata.UART_Init.str1.4
                0x00005074       0x3e ./drivers/fsl_uart.o
 *fill*         0x000050b2        0x2 ff
 .rodata.UART_GetDefaultConfig.str1.4
                0x000050b4       0x18 ./drivers/fsl_uart.o
 .rodata.UART_ReadBlocking.str1.4
                0x000050cc       0x16 ./drivers/fsl_uart.o
 *fill*         0x000050e2        0x2 ff
 .rodata.mcgConfig_BOARD_BootClockRUN
                0x000050e4        0xa ./board/clock_config.o
                0x000050e4                mcgConfig_BOARD_BootClockRUN
 *fill*         0x000050ee        0x2 ff
 .rodata.simConfig_BOARD_BootClockRUN
                0x000050f0        0x8 ./board/clock_config.o
                0x000050f0                simConfig_BOARD_BootClockRUN
 .rodata.oscConfig_BOARD_BootClockRUN
                0x000050f8        0x8 ./board/clock_config.o
                0x000050f8                oscConfig_BOARD_BootClockRUN
 .rodata.__num_Ciob_streams
                0x00005100        0x4 c:/nxp/mcuxpressoide_11.6.0_8187/ide/plugins/com.nxp.mcuxpresso.tools.win32_11.6.0.202112161359/tools/bin/../lib/gcc/arm-none-eabi/10.3.1/../../../../arm-none-eabi/lib/thumb/v6-m/nofp\libcr_semihost_nf.a(__ciob.o)
                0x00005100                __num_Ciob_streams
 .rodata.__assertion_failed.str1.1
                0x00005104       0x15 c:/nxp/mcuxpressoide_11.6.0_8187/ide/plugins/com.nxp.mcuxpresso.tools.win32_11.6.0.202112161359/tools/bin/../lib/gcc/arm-none-eabi/10.3.1/../../../../arm-none-eabi/lib/thumb/v6-m/nofp\libcr_semihost_nf.a(_cr_assert.o)
 .rodata._Csys_alloc.str1.1
                0x00005119       0x18 c:/nxp/mcuxpressoide_11.6.0_8187/ide/plugins/com.nxp.mcuxpresso.tools.win32_11.6.0.202112161359/tools/bin/../lib/gcc/arm-none-eabi/10.3.1/../../../../arm-none-eabi/lib/thumb/v6-m/nofp\libcr_c.a(alloc.o)
 .rodata._initio.str1.1
                0x00005131        0x4 c:/nxp/mcuxpressoide_11.6.0_8187/ide/plugins/com.nxp.mcuxpresso.tools.win32_11.6.0.202112161359/tools/bin/../lib/gcc/arm-none-eabi/10.3.1/../../../../arm-none-eabi/lib/thumb/v6-m/nofp\libcr_c.a(initio.o)
 .rodata.__vfprintf.str1.1
                0x00005135       0x35 c:/nxp/mcuxpressoide_11.6.0_8187/ide/plugins/com.nxp.mcuxpresso.tools.win32_11.6.0.202112161359/tools/bin/../lib/gcc/arm-none-eabi/10.3.1/../../../../arm-none-eabi/lib/thumb/v6-m/nofp\libcr_c.a(printf.o)
                                 0x38 (size before relaxing)
                0x0000516c                . = ALIGN (0x4)
 *fill*         0x0000516a        0x2 ff
                0x0000516c                _etext = .

.glue_7         0x0000516c        0x0
 .glue_7        0x0000516c        0x0 linker stubs

.glue_7t        0x0000516c        0x0
 .glue_7t       0x0000516c        0x0 linker stubs

.vfp11_veneer   0x0000516c        0x0
 .vfp11_veneer  0x0000516c        0x0 linker stubs

.v4_bx          0x0000516c        0x0
 .v4_bx         0x0000516c        0x0 linker stubs

.iplt           0x0000516c        0x0
 .iplt          0x0000516c        0x0 ./utilities/fsl_debug_console.o

.rel.dyn        0x0000516c        0x0
 .rel.iplt      0x0000516c        0x0 ./utilities/fsl_debug_console.o

.m_usb_data
 *(SORT_BY_ALIGNMENT(m_usb_bdt))

.mtb_buffer_default
                0x1ffff000       0x80
 *(SORT_BY_ALIGNMENT(.mtb*))
 .mtb.$RAM1     0x1ffff000       0x80 ./source/mtb.o
                0x1ffff000                __mtb_buffer__

.uninit_RESERVED
                0x1ffff080        0x0
                0x1ffff080                _start_uninit_RESERVED = .
 *(SORT_BY_ALIGNMENT(.bss.$RESERVED*))
                0x1ffff080                . = ALIGN (0x4)
                0x1ffff080                _end_uninit_RESERVED = .

.data           0x1ffff080        0xc load address 0x0000516c
 FILL mask 0xff
                0x1ffff080                _data = .
                [!provide]                PROVIDE (__start_data_RAM = .)
                [!provide]                PROVIDE (__start_data_SRAM = .)
 *(SORT_BY_ALIGNMENT(vtable))
 *(SORT_BY_ALIGNMENT(.ramfunc*))
 *(SORT_BY_ALIGNMENT(CodeQuickAccess))
 *(SORT_BY_ALIGNMENT(DataQuickAccess))
 *(SORT_BY_ALIGNMENT(RamFunction))
 *(SORT_BY_ALIGNMENT(.data*))
 .data.flag     0x1ffff080        0x4 ./source/pbkdf2.o
                0x1ffff080                flag
 .data.s_slowIrcFreq
                0x1ffff084        0x4 ./drivers/fsl_clock.o
 .data.SystemCoreClock
                0x1ffff088        0x4 ./CMSIS/system_MKL25Z4.o
                0x1ffff088                SystemCoreClock
                0x1ffff08c                . = ALIGN (0x4)
                0x1ffff08c                _edata = .
                [!provide]                PROVIDE (__end_data_RAM = .)
                [!provide]                PROVIDE (__end_data_SRAM = .)

.igot.plt       0x1ffff08c        0x0 load address 0x00005178
 .igot.plt      0x1ffff08c        0x0 ./utilities/fsl_debug_console.o

.bss            0x1ffff08c      0x304
                0x1ffff08c                _bss = .
                [!provide]                PROVIDE (__start_bss_RAM = .)
                [!provide]                PROVIDE (__start_bss_SRAM = .)
 *(SORT_BY_ALIGNMENT(.bss*))
 .bss.s_debugConsole
                0x1ffff08c       0x10 ./utilities/fsl_debug_console.o
 .bss.keypad.4  0x1ffff09c       0x40 ./source/pbkdf2.o
 .bss.ipad.3    0x1ffff0dc       0x40 ./source/pbkdf2.o
 .bss.opad.2    0x1ffff11c       0x40 ./source/pbkdf2.o
 .bss.Ipad_ctx.1
                0x1ffff15c       0x64 ./source/pbkdf2.o
 .bss.Opad_ctx.0
                0x1ffff1c0       0x64 ./source/pbkdf2.o
 .bss.g_now     0x1ffff224        0x4 ./source/ticktime.o
 .bss.g_timer   0x1ffff228        0x4 ./source/ticktime.o
 .bss.g_xtal0Freq
                0x1ffff22c        0x4 ./drivers/fsl_clock.o
                0x1ffff22c                g_xtal0Freq
 .bss.s_lpsciHandle
                0x1ffff230        0x4 ./drivers/fsl_lpsci.o
 .bss.s_lpsciIsr
                0x1ffff234        0x4 ./drivers/fsl_lpsci.o
 .bss.s_uartHandle
                0x1ffff238        0xc ./drivers/fsl_uart.o
 .bss.s_uartIsr
                0x1ffff244        0x4 ./drivers/fsl_uart.o
 .bss.__Ciob    0x1ffff248       0xb4 c:/nxp/mcuxpressoide_11.6.0_8187/ide/plugins/com.nxp.mcuxpresso.tools.win32_11.6.0.202112161359/tools/bin/../lib/gcc/arm-none-eabi/10.3.1/../../../../arm-none-eabi/lib/thumb/v6-m/nofp\libcr_semihost_nf.a(__ciob.o)
                0x1ffff248                __Ciob
 .bss._exitvector
                0x1ffff2fc       0x84 c:/nxp/mcuxpressoide_11.6.0_8187/ide/plugins/com.nxp.mcuxpresso.tools.win32_11.6.0.202112161359/tools/bin/../lib/gcc/arm-none-eabi/10.3.1/../../../../arm-none-eabi/lib/thumb/v6-m/nofp\libcr_c.a(stdlib.o)
                0x1ffff2fc                _exitvector
 .bss._number_of_exit_functions
                0x1ffff380        0x4 c:/nxp/mcuxpressoide_11.6.0_8187/ide/plugins/com.nxp.mcuxpresso.tools.win32_11.6.0.202112161359/tools/bin/../lib/gcc/arm-none-eabi/10.3.1/../../../../arm-none-eabi/lib/thumb/v6-m/nofp\libcr_c.a(stdlib.o)
                0x1ffff380                _number_of_exit_functions
 .bss.__end_of_heap
                0x1ffff384        0x4 c:/nxp/mcuxpressoide_11.6.0_8187/ide/plugins/com.nxp.mcuxpresso.tools.win32_11.6.0.202112161359/tools/bin/../lib/gcc/arm-none-eabi/10.3.1/../../../../arm-none-eabi/lib/thumb/v6-m/nofp\libcr_c.a(__init_alloc.o)
                0x1ffff384                __end_of_heap
 .bss.__heaps   0x1ffff388        0x4 c:/nxp/mcuxpressoide_11.6.0_8187/ide/plugins/com.nxp.mcuxpresso.tools.win32_11.6.0.202112161359/tools/bin/../lib/gcc/arm-none-eabi/10.3.1/../../../../arm-none-eabi/lib/thumb/v6-m/nofp\libcr_c.a(__init_alloc.o)
                0x1ffff388                __heaps
 .bss.errno     0x1ffff38c        0x4 c:/nxp/mcuxpressoide_11.6.0_8187/ide/plugins/com.nxp.mcuxpresso.tools.win32_11.6.0.202112161359/tools/bin/../lib/gcc/arm-none-eabi/10.3.1/../../../../arm-none-eabi/lib/thumb/v6-m/nofp\libcr_c.a(errno.o)
                0x1ffff38c                errno
 *(SORT_BY_ALIGNMENT(COMMON))
                0x1ffff390                . = ALIGN (0x4)
                0x1ffff390                _ebss = .
                [!provide]                PROVIDE (__end_bss_RAM = .)
                [!provide]                PROVIDE (__end_bss_SRAM = .)
                [!provide]                PROVIDE (end = .)

.noinit         0x1ffff390        0x0
                0x1ffff390                _noinit = .
                [!provide]                PROVIDE (__start_noinit_RAM = .)
                [!provide]                PROVIDE (__start_noinit_SRAM = .)
 *(SORT_BY_ALIGNMENT(.noinit*))
                0x1ffff390                . = ALIGN (0x4)
                0x1ffff390                _end_noinit = .
                [!provide]                PROVIDE (__end_noinit_RAM = .)
                [!provide]                PROVIDE (__end_noinit_SRAM = .)

.ARM.extab
 *(SORT_BY_ALIGNMENT(.ARM.extab*) SORT_BY_ALIGNMENT(.gnu.linkonce.armextab.*))

.ARM.exidx      0x00005178        0x0
                0x00005178                __exidx_start = .
 *(SORT_BY_ALIGNMENT(.ARM.exidx*) SORT_BY_ALIGNMENT(.gnu.linkonce.armexidx.*))
                0x00005178                __exidx_end = .
                0x00000400                _HeapSize = 0x400

.heap           0x1ffff390      0x400
                0x1ffff390                _pvHeapStart = .
                0x1ffff790                . = (. + _HeapSize)
 *fill*         0x1ffff390      0x400 
                0x1ffff790                . = ALIGN (0x4)
                0x1ffff790                _pvHeapLimit = .
                0x00002000                _StackSize = 0x2000

.heap2stackfill
                0x1ffff790     0x2000
                0x20001790                . = (. + _StackSize)
 *fill*         0x1ffff790     0x2000 

.stack          0x20001000        0x0
                0x20001000                _vStackBase = .
                0x20001000                . = ALIGN (0x4)
                0x20003000                _vStackTop = (. + _StackSize)
                0x00000000                _image_start = LOADADDR (.text)
                0x00005178                _image_end = (LOADADDR (.data) + SIZEOF (.data))
                0x00005178                _image_size = (_image_end - _image_start)
OUTPUT(PBKDF2.axf elf32-littlearm)
LOAD linker stubs

.debug_info     0x00000000     0x7ab0
 .debug_info    0x00000000      0x8d2 ./utilities/fsl_debug_console.o
 .debug_info    0x000008d2      0x4eb ./startup/startup_mkl25z4.o
 .debug_info    0x00000dbd       0x26 ./source/ISHAPMB.o
 .debug_info    0x00000de3      0x205 ./source/isha.o
 .debug_info    0x00000fe8      0x1e0 ./source/main.o
 .debug_info    0x000011c8       0x53 ./source/mtb.o
 .debug_info    0x0000121b      0x3e8 ./source/pbkdf2.o
 .debug_info    0x00001603      0x5e1 ./source/pbkdf2_test.o
 .debug_info    0x00001be4       0x3c ./source/semihost_hardfault.o
 .debug_info    0x00001c20      0x4a0 ./source/ticktime.o
 .debug_info    0x000020c0     0x1a5a ./drivers/fsl_clock.o
 .debug_info    0x00003b1a     0x140d ./drivers/fsl_lpsci.o
 .debug_info    0x00004f27     0x13ae ./drivers/fsl_uart.o
 .debug_info    0x000062d5      0x39b ./board/board.o
 .debug_info    0x00006670      0xabc ./board/clock_config.o
 .debug_info    0x0000712c       0x3c ./board/peripherals.o
 .debug_info    0x00007168      0x547 ./board/pin_mux.o
 .debug_info    0x000076af      0x401 ./CMSIS/system_MKL25Z4.o

.debug_abbrev   0x00000000     0x1978
 .debug_abbrev  0x00000000      0x1e8 ./utilities/fsl_debug_console.o
 .debug_abbrev  0x000001e8      0x198 ./startup/startup_mkl25z4.o
 .debug_abbrev  0x00000380       0x14 ./source/ISHAPMB.o
 .debug_abbrev  0x00000394      0x11b ./source/isha.o
 .debug_abbrev  0x000004af       0xb9 ./source/main.o
 .debug_abbrev  0x00000568       0x46 ./source/mtb.o
 .debug_abbrev  0x000005ae      0x153 ./source/pbkdf2.o
 .debug_abbrev  0x00000701      0x16f ./source/pbkdf2_test.o
 .debug_abbrev  0x00000870       0x31 ./source/semihost_hardfault.o
 .debug_abbrev  0x000008a1      0x1b4 ./source/ticktime.o
 .debug_abbrev  0x00000a55      0x357 ./drivers/fsl_clock.o
 .debug_abbrev  0x00000dac      0x2d7 ./drivers/fsl_lpsci.o
 .debug_abbrev  0x00001083      0x2f1 ./drivers/fsl_uart.o
 .debug_abbrev  0x00001374      0x11b ./board/board.o
 .debug_abbrev  0x0000148f      0x201 ./board/clock_config.o
 .debug_abbrev  0x00001690       0x31 ./board/peripherals.o
 .debug_abbrev  0x000016c1      0x189 ./board/pin_mux.o
 .debug_abbrev  0x0000184a      0x12e ./CMSIS/system_MKL25Z4.o

.debug_aranges  0x00000000      0x868
 .debug_aranges
                0x00000000       0x58 ./utilities/fsl_debug_console.o
 .debug_aranges
                0x00000058      0x160 ./startup/startup_mkl25z4.o
 .debug_aranges
                0x000001b8       0x20 ./source/ISHAPMB.o
 .debug_aranges
                0x000001d8       0x38 ./source/isha.o
 .debug_aranges
                0x00000210       0x30 ./source/main.o
 .debug_aranges
                0x00000240       0x18 ./source/mtb.o
 .debug_aranges
                0x00000258       0x30 ./source/pbkdf2.o
 .debug_aranges
                0x00000288       0x48 ./source/pbkdf2_test.o
 .debug_aranges
                0x000002d0       0x20 ./source/semihost_hardfault.o
 .debug_aranges
                0x000002f0       0x58 ./source/ticktime.o
 .debug_aranges
                0x00000348      0x1d8 ./drivers/fsl_clock.o
 .debug_aranges
                0x00000520      0x118 ./drivers/fsl_lpsci.o
 .debug_aranges
                0x00000638      0x130 ./drivers/fsl_uart.o
 .debug_aranges
                0x00000768       0x28 ./board/board.o
 .debug_aranges
                0x00000790       0x58 ./board/clock_config.o
 .debug_aranges
                0x000007e8       0x20 ./board/peripherals.o
 .debug_aranges
                0x00000808       0x38 ./board/pin_mux.o
 .debug_aranges
                0x00000840       0x28 ./CMSIS/system_MKL25Z4.o

.debug_ranges   0x00000000      0x730
 .debug_ranges  0x00000000       0x48 ./utilities/fsl_debug_console.o
 .debug_ranges  0x00000048      0x150 ./startup/startup_mkl25z4.o
 .debug_ranges  0x00000198       0x28 ./source/isha.o
 .debug_ranges  0x000001c0       0x20 ./source/main.o
 .debug_ranges  0x000001e0       0x20 ./source/pbkdf2.o
 .debug_ranges  0x00000200       0x38 ./source/pbkdf2_test.o
 .debug_ranges  0x00000238       0x10 ./source/semihost_hardfault.o
 .debug_ranges  0x00000248       0x48 ./source/ticktime.o
 .debug_ranges  0x00000290      0x1c8 ./drivers/fsl_clock.o
 .debug_ranges  0x00000458      0x108 ./drivers/fsl_lpsci.o
 .debug_ranges  0x00000560      0x120 ./drivers/fsl_uart.o
 .debug_ranges  0x00000680       0x18 ./board/board.o
 .debug_ranges  0x00000698       0x48 ./board/clock_config.o
 .debug_ranges  0x000006e0       0x10 ./board/peripherals.o
 .debug_ranges  0x000006f0       0x28 ./board/pin_mux.o
 .debug_ranges  0x00000718       0x18 ./CMSIS/system_MKL25Z4.o

.debug_macro    0x00000000     0x8ecb
 .debug_macro   0x00000000      0x13a ./utilities/fsl_debug_console.o
 .debug_macro   0x0000013a      0xa8a ./utilities/fsl_debug_console.o
 .debug_macro   0x00000bc4       0x10 ./utilities/fsl_debug_console.o
 .debug_macro   0x00000bd4       0x16 ./utilities/fsl_debug_console.o
 .debug_macro   0x00000bea       0x10 ./utilities/fsl_debug_console.o
 .debug_macro   0x00000bfa      0x12e ./utilities/fsl_debug_console.o
 .debug_macro   0x00000d28       0x28 ./utilities/fsl_debug_console.o
 .debug_macro   0x00000d50       0xc4 ./utilities/fsl_debug_console.o
 .debug_macro   0x00000e14       0x16 ./utilities/fsl_debug_console.o
 .debug_macro   0x00000e2a       0x22 ./utilities/fsl_debug_console.o
 .debug_macro   0x00000e4c      0x5b3 ./utilities/fsl_debug_console.o
 .debug_macro   0x000013ff       0x10 ./utilities/fsl_debug_console.o
 .debug_macro   0x0000140f       0x3f ./utilities/fsl_debug_console.o
 .debug_macro   0x0000144e       0x3a ./utilities/fsl_debug_console.o
 .debug_macro   0x00001488       0x26 ./utilities/fsl_debug_console.o
 .debug_macro   0x000014ae      0x329 ./utilities/fsl_debug_console.o
 .debug_macro   0x000017d7       0x30 ./utilities/fsl_debug_console.o
 .debug_macro   0x00001807     0x51e2 ./utilities/fsl_debug_console.o
 .debug_macro   0x000069e9     0x1352 ./utilities/fsl_debug_console.o
 .debug_macro   0x00007d3b       0x3a ./utilities/fsl_debug_console.o
 .debug_macro   0x00007d75       0xf4 ./utilities/fsl_debug_console.o
 .debug_macro   0x00007e69       0x35 ./utilities/fsl_debug_console.o
 .debug_macro   0x00007e9e       0xd2 ./utilities/fsl_debug_console.o
 .debug_macro   0x00007f70       0x2e ./utilities/fsl_debug_console.o
 .debug_macro   0x00007f9e       0x10 ./utilities/fsl_debug_console.o
 .debug_macro   0x00007fae       0x10 ./utilities/fsl_debug_console.o
 .debug_macro   0x00007fbe       0x29 ./startup/startup_mkl25z4.o
 .debug_macro   0x00007fe7       0x76 ./source/isha.o
 .debug_macro   0x0000805d       0x10 ./source/isha.o
 .debug_macro   0x0000806d      0x17e ./source/main.o
 .debug_macro   0x000081eb       0xd8 ./source/main.o
 .debug_macro   0x000082c3       0x22 ./source/main.o
 .debug_macro   0x000082e5       0x16 ./source/main.o
 .debug_macro   0x000082fb       0x10 ./source/main.o
 .debug_macro   0x0000830b      0x112 ./source/main.o
 .debug_macro   0x0000841d       0x34 ./source/main.o
 .debug_macro   0x00008451       0x16 ./source/main.o
 .debug_macro   0x00008467       0x2f ./source/mtb.o
 .debug_macro   0x00008496       0x82 ./source/mtb.o
 .debug_macro   0x00008518       0x10 ./source/mtb.o
 .debug_macro   0x00008528       0x79 ./source/pbkdf2.o
 .debug_macro   0x000085a1       0x1c ./source/pbkdf2.o
 .debug_macro   0x000085bd       0xab ./source/pbkdf2_test.o
 .debug_macro   0x00008668       0x11 ./source/semihost_hardfault.o
 .debug_macro   0x00008679       0x96 ./source/ticktime.o
 .debug_macro   0x0000870f       0x34 ./source/ticktime.o
 .debug_macro   0x00008743      0x196 ./drivers/fsl_clock.o
 .debug_macro   0x000088d9       0xec ./drivers/fsl_lpsci.o
 .debug_macro   0x000089c5       0xf2 ./drivers/fsl_uart.o
 .debug_macro   0x00008ab7      0x12b ./board/board.o
 .debug_macro   0x00008be2      0x123 ./board/clock_config.o
 .debug_macro   0x00008d05       0x1b ./board/peripherals.o
 .debug_macro   0x00008d20      0x107 ./board/pin_mux.o
 .debug_macro   0x00008e27       0x10 ./board/pin_mux.o
 .debug_macro   0x00008e37       0x94 ./CMSIS/system_MKL25Z4.o

.debug_line     0x00000000     0x5912
 .debug_line    0x00000000      0x4ff ./utilities/fsl_debug_console.o
 .debug_line    0x000004ff      0x1ed ./startup/startup_mkl25z4.o
 .debug_line    0x000006ec       0x9c ./source/ISHAPMB.o
 .debug_line    0x00000788      0x2d3 ./source/isha.o
 .debug_line    0x00000a5b      0x4d2 ./source/main.o
 .debug_line    0x00000f2d       0xd1 ./source/mtb.o
 .debug_line    0x00000ffe      0x45c ./source/pbkdf2.o
 .debug_line    0x0000145a      0x438 ./source/pbkdf2_test.o
 .debug_line    0x00001892       0x59 ./source/semihost_hardfault.o
 .debug_line    0x000018eb      0x375 ./source/ticktime.o
 .debug_line    0x00001c60     0x12ff ./drivers/fsl_clock.o
 .debug_line    0x00002f5f      0xd78 ./drivers/fsl_lpsci.o
 .debug_line    0x00003cd7      0xd67 ./drivers/fsl_uart.o
 .debug_line    0x00004a3e      0x3c0 ./board/board.o
 .debug_line    0x00004dfe      0x3ff ./board/clock_config.o
 .debug_line    0x000051fd       0x5c ./board/peripherals.o
 .debug_line    0x00005259      0x386 ./board/pin_mux.o
 .debug_line    0x000055df      0x333 ./CMSIS/system_MKL25Z4.o

.debug_str      0x00000000    0x35dd0
 .debug_str     0x00000000    0x3142a ./utilities/fsl_debug_console.o
                              0x31679 (size before relaxing)
 .debug_str     0x0003142a      0x3cd ./startup/startup_mkl25z4.o
                               0x30f0 (size before relaxing)
 .debug_str     0x000317f7       0x22 ./source/ISHAPMB.o
                                 0x71 (size before relaxing)
 .debug_str     0x00031819       0xc5 ./source/isha.o
                               0x4517 (size before relaxing)
 .debug_str     0x000318de      0xacb ./source/main.o
                              0x312b1 (size before relaxing)
 .debug_str     0x000323a9      0x532 ./source/mtb.o
                               0x3210 (size before relaxing)
 .debug_str     0x000328db       0x91 ./source/pbkdf2.o
                               0x4616 (size before relaxing)
 .debug_str     0x0003296c      0x10f ./source/pbkdf2_test.o
                               0x49da (size before relaxing)
 .debug_str     0x00032a7b       0x1f ./source/semihost_hardfault.o
                               0x2cfd (size before relaxing)
 .debug_str     0x00032a9a      0x2af ./source/ticktime.o
                              0x28f30 (size before relaxing)
 .debug_str     0x00032d49     0x186d ./drivers/fsl_clock.o
                              0x321c5 (size before relaxing)
 .debug_str     0x000345b6      0x95f ./drivers/fsl_lpsci.o
                              0x317b4 (size before relaxing)
 .debug_str     0x00034f15      0x832 ./drivers/fsl_uart.o
                              0x317d7 (size before relaxing)
 .debug_str     0x00035747       0x4c ./board/board.o
                              0x31227 (size before relaxing)
 .debug_str     0x00035793      0x3c1 ./board/clock_config.o
                              0x310f6 (size before relaxing)
 .debug_str     0x00035b54       0x31 ./board/peripherals.o
                               0x2d0e (size before relaxing)
 .debug_str     0x00035b85      0x1fc ./board/pin_mux.o
                              0x3083d (size before relaxing)
 .debug_str     0x00035d81       0x4f ./CMSIS/system_MKL25Z4.o
                              0x2fb3f (size before relaxing)

.comment        0x00000000       0x49
 .comment       0x00000000       0x49 ./utilities/fsl_debug_console.o
                                 0x4a (size before relaxing)
 .comment       0x00000049       0x4a ./startup/startup_mkl25z4.o
 .comment       0x00000049       0x4a ./source/isha.o
 .comment       0x00000049       0x4a ./source/main.o
 .comment       0x00000049       0x4a ./source/mtb.o
 .comment       0x00000049       0x4a ./source/pbkdf2.o
 .comment       0x00000049       0x4a ./source/pbkdf2_test.o
 .comment       0x00000049       0x4a ./source/semihost_hardfault.o
 .comment       0x00000049       0x4a ./source/ticktime.o
 .comment       0x00000049       0x4a ./drivers/fsl_clock.o
 .comment       0x00000049       0x4a ./drivers/fsl_lpsci.o
 .comment       0x00000049       0x4a ./drivers/fsl_uart.o
 .comment       0x00000049       0x4a ./board/board.o
 .comment       0x00000049       0x4a ./board/clock_config.o
 .comment       0x00000049       0x4a ./board/peripherals.o
 .comment       0x00000049       0x4a ./board/pin_mux.o
 .comment       0x00000049       0x4a ./CMSIS/system_MKL25Z4.o
 .comment       0x00000049       0x4a c:/nxp/mcuxpressoide_11.6.0_8187/ide/plugins/com.nxp.mcuxpresso.tools.win32_11.6.0.202112161359/tools/bin/../lib/gcc/arm-none-eabi/10.3.1/../../../../arm-none-eabi/lib/thumb/v6-m/nofp\libcr_semihost_nf.a(_cr__main.o)
 .comment       0x00000049       0x4a c:/nxp/mcuxpressoide_11.6.0_8187/ide/plugins/com.nxp.mcuxpresso.tools.win32_11.6.0.202112161359/tools/bin/../lib/gcc/arm-none-eabi/10.3.1/../../../../arm-none-eabi/lib/thumb/v6-m/nofp\libcr_semihost_nf.a(_cr_assert.o)
 .comment       0x00000049       0x4a c:/nxp/mcuxpressoide_11.6.0_8187/ide/plugins/com.nxp.mcuxpresso.tools.win32_11.6.0.202112161359/tools/bin/../lib/gcc/arm-none-eabi/10.3.1/../../../../arm-none-eabi/lib/thumb/v6-m/nofp\libcr_semihost_nf.a(__ciob.o)
 .comment       0x00000049       0x4a c:/nxp/mcuxpressoide_11.6.0_8187/ide/plugins/com.nxp.mcuxpresso.tools.win32_11.6.0.202112161359/tools/bin/../lib/gcc/arm-none-eabi/10.3.1/../../../../arm-none-eabi/lib/thumb/v6-m/nofp\libcr_c.a(memcpy.o)
 .comment       0x00000049       0x4a c:/nxp/mcuxpressoide_11.6.0_8187/ide/plugins/com.nxp.mcuxpresso.tools.win32_11.6.0.202112161359/tools/bin/../lib/gcc/arm-none-eabi/10.3.1/../../../../arm-none-eabi/lib/thumb/v6-m/nofp\libcr_c.a(memset.o)
 .comment       0x00000049       0x4a c:/nxp/mcuxpressoide_11.6.0_8187/ide/plugins/com.nxp.mcuxpresso.tools.win32_11.6.0.202112161359/tools/bin/../lib/gcc/arm-none-eabi/10.3.1/../../../../arm-none-eabi/lib/thumb/v6-m/nofp\libcr_c.a(_deferredlazyseek.o)
 .comment       0x00000049       0x4a c:/nxp/mcuxpressoide_11.6.0_8187/ide/plugins/com.nxp.mcuxpresso.tools.win32_11.6.0.202112161359/tools/bin/../lib/gcc/arm-none-eabi/10.3.1/../../../../arm-none-eabi/lib/thumb/v6-m/nofp\libcr_c.a(_fflush.o)
 .comment       0x00000049       0x4a c:/nxp/mcuxpressoide_11.6.0_8187/ide/plugins/com.nxp.mcuxpresso.tools.win32_11.6.0.202112161359/tools/bin/../lib/gcc/arm-none-eabi/10.3.1/../../../../arm-none-eabi/lib/thumb/v6-m/nofp\libcr_c.a(_writebuf.o)
 .comment       0x00000049       0x4a c:/nxp/mcuxpressoide_11.6.0_8187/ide/plugins/com.nxp.mcuxpresso.tools.win32_11.6.0.202112161359/tools/bin/../lib/gcc/arm-none-eabi/10.3.1/../../../../arm-none-eabi/lib/thumb/v6-m/nofp\libcr_c.a(alloc.o)
 .comment       0x00000049       0x4a c:/nxp/mcuxpressoide_11.6.0_8187/ide/plugins/com.nxp.mcuxpresso.tools.win32_11.6.0.202112161359/tools/bin/../lib/gcc/arm-none-eabi/10.3.1/../../../../arm-none-eabi/lib/thumb/v6-m/nofp\libcr_c.a(fputs.o)
 .comment       0x00000049       0x4a c:/nxp/mcuxpressoide_11.6.0_8187/ide/plugins/com.nxp.mcuxpresso.tools.win32_11.6.0.202112161359/tools/bin/../lib/gcc/arm-none-eabi/10.3.1/../../../../arm-none-eabi/lib/thumb/v6-m/nofp\libcr_c.a(fseek.o)
 .comment       0x00000049       0x4a c:/nxp/mcuxpressoide_11.6.0_8187/ide/plugins/com.nxp.mcuxpresso.tools.win32_11.6.0.202112161359/tools/bin/../lib/gcc/arm-none-eabi/10.3.1/../../../../arm-none-eabi/lib/thumb/v6-m/nofp\libcr_c.a(ftell.o)
 .comment       0x00000049       0x4a c:/nxp/mcuxpressoide_11.6.0_8187/ide/plugins/com.nxp.mcuxpresso.tools.win32_11.6.0.202112161359/tools/bin/../lib/gcc/arm-none-eabi/10.3.1/../../../../arm-none-eabi/lib/thumb/v6-m/nofp\libcr_c.a(initio.o)
 .comment       0x00000049       0x4a c:/nxp/mcuxpressoide_11.6.0_8187/ide/plugins/com.nxp.mcuxpresso.tools.win32_11.6.0.202112161359/tools/bin/../lib/gcc/arm-none-eabi/10.3.1/../../../../arm-none-eabi/lib/thumb/v6-m/nofp\libcr_c.a(printf.o)
 .comment       0x00000049       0x4a c:/nxp/mcuxpressoide_11.6.0_8187/ide/plugins/com.nxp.mcuxpresso.tools.win32_11.6.0.202112161359/tools/bin/../lib/gcc/arm-none-eabi/10.3.1/../../../../arm-none-eabi/lib/thumb/v6-m/nofp\libcr_c.a(setvbuf.o)
 .comment       0x00000049       0x4a c:/nxp/mcuxpressoide_11.6.0_8187/ide/plugins/com.nxp.mcuxpresso.tools.win32_11.6.0.202112161359/tools/bin/../lib/gcc/arm-none-eabi/10.3.1/../../../../arm-none-eabi/lib/thumb/v6-m/nofp\libcr_c.a(stdlib.o)
 .comment       0x00000049       0x4a c:/nxp/mcuxpressoide_11.6.0_8187/ide/plugins/com.nxp.mcuxpresso.tools.win32_11.6.0.202112161359/tools/bin/../lib/gcc/arm-none-eabi/10.3.1/../../../../arm-none-eabi/lib/thumb/v6-m/nofp\libcr_c.a(strlen.o)
 .comment       0x00000049       0x4a c:/nxp/mcuxpressoide_11.6.0_8187/ide/plugins/com.nxp.mcuxpresso.tools.win32_11.6.0.202112161359/tools/bin/../lib/gcc/arm-none-eabi/10.3.1/../../../../arm-none-eabi/lib/thumb/v6-m/nofp\libcr_c.a(__init_alloc.o)
 .comment       0x00000049       0x4a c:/nxp/mcuxpressoide_11.6.0_8187/ide/plugins/com.nxp.mcuxpresso.tools.win32_11.6.0.202112161359/tools/bin/../lib/gcc/arm-none-eabi/10.3.1/../../../../arm-none-eabi/lib/thumb/v6-m/nofp\libcr_c.a(_cr_sbrk.o)
 .comment       0x00000049       0x4a c:/nxp/mcuxpressoide_11.6.0_8187/ide/plugins/com.nxp.mcuxpresso.tools.win32_11.6.0.202112161359/tools/bin/../lib/gcc/arm-none-eabi/10.3.1/../../../../arm-none-eabi/lib/thumb/v6-m/nofp\libcr_c.a(_fdopen.o)
 .comment       0x00000049       0x4a c:/nxp/mcuxpressoide_11.6.0_8187/ide/plugins/com.nxp.mcuxpresso.tools.win32_11.6.0.202112161359/tools/bin/../lib/gcc/arm-none-eabi/10.3.1/../../../../arm-none-eabi/lib/thumb/v6-m/nofp\libcr_c.a(errno.o)
 .comment       0x00000049       0x4a c:/nxp/mcuxpressoide_11.6.0_8187/ide/plugins/com.nxp.mcuxpresso.tools.win32_11.6.0.202112161359/tools/bin/../lib/gcc/arm-none-eabi/10.3.1/../../../../arm-none-eabi/lib/thumb/v6-m/nofp\libcr_c.a(fclose.o)
 .comment       0x00000049       0x4a c:/nxp/mcuxpressoide_11.6.0_8187/ide/plugins/com.nxp.mcuxpresso.tools.win32_11.6.0.202112161359/tools/bin/../lib/gcc/arm-none-eabi/10.3.1/../../../../arm-none-eabi/lib/thumb/v6-m/nofp\libcr_c.a(fflush.o)
 .comment       0x00000049       0x4a c:/nxp/mcuxpressoide_11.6.0_8187/ide/plugins/com.nxp.mcuxpresso.tools.win32_11.6.0.202112161359/tools/bin/../lib/gcc/arm-none-eabi/10.3.1/../../../../arm-none-eabi/lib/thumb/v6-m/nofp\libcr_c.a(remove.o)
 .comment       0x00000049       0x4a c:/nxp/mcuxpressoide_11.6.0_8187/ide/plugins/com.nxp.mcuxpresso.tools.win32_11.6.0.202112161359/tools/bin/../lib/gcc/arm-none-eabi/10.3.1/../../../../arm-none-eabi/lib/thumb/v6-m/nofp\libcr_c.a(_cr_check_heap.o)
 .comment       0x00000049       0x4a c:/nxp/mcuxpressoide_11.6.0_8187/ide/plugins/com.nxp.mcuxpresso.tools.win32_11.6.0.202112161359/tools/bin/../lib/gcc/arm-none-eabi/10.3.1/../../../../arm-none-eabi/lib/thumb/v6-m/nofp\libcr_c.a(_do_fflush.o)

.ARM.attributes
                0x00000000       0x2a
 .ARM.attributes
                0x00000000       0x2c ./utilities/fsl_debug_console.o
 .ARM.attributes
                0x0000002c       0x2c ./startup/startup_mkl25z4.o
 .ARM.attributes
                0x00000058       0x21 ./source/ISHAPMB.o
 .ARM.attributes
                0x00000079       0x2c ./source/isha.o
 .ARM.attributes
                0x000000a5       0x2c ./source/main.o
 .ARM.attributes
                0x000000d1       0x2c ./source/mtb.o
 .ARM.attributes
                0x000000fd       0x2c ./source/pbkdf2.o
 .ARM.attributes
                0x00000129       0x2c ./source/pbkdf2_test.o
 .ARM.attributes
                0x00000155       0x2c ./source/semihost_hardfault.o
 .ARM.attributes
                0x00000181       0x2c ./source/ticktime.o
 .ARM.attributes
                0x000001ad       0x2c ./drivers/fsl_clock.o
 .ARM.attributes
                0x000001d9       0x2c ./drivers/fsl_lpsci.o
 .ARM.attributes
                0x00000205       0x2c ./drivers/fsl_uart.o
 .ARM.attributes
                0x00000231       0x2c ./board/board.o
 .ARM.attributes
                0x0000025d       0x2c ./board/clock_config.o
 .ARM.attributes
                0x00000289       0x2c ./board/peripherals.o
 .ARM.attributes
                0x000002b5       0x2c ./board/pin_mux.o
 .ARM.attributes
                0x000002e1       0x2c ./CMSIS/system_MKL25Z4.o
 .ARM.attributes
                0x0000030d       0x2c c:/nxp/mcuxpressoide_11.6.0_8187/ide/plugins/com.nxp.mcuxpresso.tools.win32_11.6.0.202112161359/tools/bin/../lib/gcc/arm-none-eabi/10.3.1/../../../../arm-none-eabi/lib/thumb/v6-m/nofp\libcr_semihost_nf.a(_cr__main.o)
 .ARM.attributes
                0x00000339       0x2c c:/nxp/mcuxpressoide_11.6.0_8187/ide/plugins/com.nxp.mcuxpresso.tools.win32_11.6.0.202112161359/tools/bin/../lib/gcc/arm-none-eabi/10.3.1/../../../../arm-none-eabi/lib/thumb/v6-m/nofp\libcr_semihost_nf.a(_cr_assert.o)
 .ARM.attributes
                0x00000365       0x2c c:/nxp/mcuxpressoide_11.6.0_8187/ide/plugins/com.nxp.mcuxpresso.tools.win32_11.6.0.202112161359/tools/bin/../lib/gcc/arm-none-eabi/10.3.1/../../../../arm-none-eabi/lib/thumb/v6-m/nofp\libcr_semihost_nf.a(__ciob.o)
 .ARM.attributes
                0x00000391       0x1c c:/nxp/mcuxpressoide_11.6.0_8187/ide/plugins/com.nxp.mcuxpresso.tools.win32_11.6.0.202112161359/tools/bin/../lib/gcc/arm-none-eabi/10.3.1/../../../../arm-none-eabi/lib/thumb/v6-m/nofp\libcr_semihost_nf.a(__sys_appexit.o)
 .ARM.attributes
                0x000003ad       0x2c c:/nxp/mcuxpressoide_11.6.0_8187/ide/plugins/com.nxp.mcuxpresso.tools.win32_11.6.0.202112161359/tools/bin/../lib/gcc/arm-none-eabi/10.3.1/../../../../arm-none-eabi/lib/thumb/v6-m/nofp\libcr_c.a(memcpy.o)
 .ARM.attributes
                0x000003d9       0x2c c:/nxp/mcuxpressoide_11.6.0_8187/ide/plugins/com.nxp.mcuxpresso.tools.win32_11.6.0.202112161359/tools/bin/../lib/gcc/arm-none-eabi/10.3.1/../../../../arm-none-eabi/lib/thumb/v6-m/nofp\libcr_c.a(memset.o)
 .ARM.attributes
                0x00000405       0x2c c:/nxp/mcuxpressoide_11.6.0_8187/ide/plugins/com.nxp.mcuxpresso.tools.win32_11.6.0.202112161359/tools/bin/../lib/gcc/arm-none-eabi/10.3.1/../../../../arm-none-eabi/lib/thumb/v6-m/nofp\libcr_c.a(_deferredlazyseek.o)
 .ARM.attributes
                0x00000431       0x2c c:/nxp/mcuxpressoide_11.6.0_8187/ide/plugins/com.nxp.mcuxpresso.tools.win32_11.6.0.202112161359/tools/bin/../lib/gcc/arm-none-eabi/10.3.1/../../../../arm-none-eabi/lib/thumb/v6-m/nofp\libcr_c.a(_fflush.o)
 .ARM.attributes
                0x0000045d       0x2c c:/nxp/mcuxpressoide_11.6.0_8187/ide/plugins/com.nxp.mcuxpresso.tools.win32_11.6.0.202112161359/tools/bin/../lib/gcc/arm-none-eabi/10.3.1/../../../../arm-none-eabi/lib/thumb/v6-m/nofp\libcr_c.a(_writebuf.o)
 .ARM.attributes
                0x00000489       0x2c c:/nxp/mcuxpressoide_11.6.0_8187/ide/plugins/com.nxp.mcuxpresso.tools.win32_11.6.0.202112161359/tools/bin/../lib/gcc/arm-none-eabi/10.3.1/../../../../arm-none-eabi/lib/thumb/v6-m/nofp\libcr_c.a(alloc.o)
 .ARM.attributes
                0x000004b5       0x2c c:/nxp/mcuxpressoide_11.6.0_8187/ide/plugins/com.nxp.mcuxpresso.tools.win32_11.6.0.202112161359/tools/bin/../lib/gcc/arm-none-eabi/10.3.1/../../../../arm-none-eabi/lib/thumb/v6-m/nofp\libcr_c.a(fputs.o)
 .ARM.attributes
                0x000004e1       0x2c c:/nxp/mcuxpressoide_11.6.0_8187/ide/plugins/com.nxp.mcuxpresso.tools.win32_11.6.0.202112161359/tools/bin/../lib/gcc/arm-none-eabi/10.3.1/../../../../arm-none-eabi/lib/thumb/v6-m/nofp\libcr_c.a(fseek.o)
 .ARM.attributes
                0x0000050d       0x2c c:/nxp/mcuxpressoide_11.6.0_8187/ide/plugins/com.nxp.mcuxpresso.tools.win32_11.6.0.202112161359/tools/bin/../lib/gcc/arm-none-eabi/10.3.1/../../../../arm-none-eabi/lib/thumb/v6-m/nofp\libcr_c.a(ftell.o)
 .ARM.attributes
                0x00000539       0x2c c:/nxp/mcuxpressoide_11.6.0_8187/ide/plugins/com.nxp.mcuxpresso.tools.win32_11.6.0.202112161359/tools/bin/../lib/gcc/arm-none-eabi/10.3.1/../../../../arm-none-eabi/lib/thumb/v6-m/nofp\libcr_c.a(initio.o)
 .ARM.attributes
                0x00000565       0x2c c:/nxp/mcuxpressoide_11.6.0_8187/ide/plugins/com.nxp.mcuxpresso.tools.win32_11.6.0.202112161359/tools/bin/../lib/gcc/arm-none-eabi/10.3.1/../../../../arm-none-eabi/lib/thumb/v6-m/nofp\libcr_c.a(printf.o)
 .ARM.attributes
                0x00000591       0x2c c:/nxp/mcuxpressoide_11.6.0_8187/ide/plugins/com.nxp.mcuxpresso.tools.win32_11.6.0.202112161359/tools/bin/../lib/gcc/arm-none-eabi/10.3.1/../../../../arm-none-eabi/lib/thumb/v6-m/nofp\libcr_c.a(setvbuf.o)
 .ARM.attributes
                0x000005bd       0x2c c:/nxp/mcuxpressoide_11.6.0_8187/ide/plugins/com.nxp.mcuxpresso.tools.win32_11.6.0.202112161359/tools/bin/../lib/gcc/arm-none-eabi/10.3.1/../../../../arm-none-eabi/lib/thumb/v6-m/nofp\libcr_c.a(stdlib.o)
 .ARM.attributes
                0x000005e9       0x2c c:/nxp/mcuxpressoide_11.6.0_8187/ide/plugins/com.nxp.mcuxpresso.tools.win32_11.6.0.202112161359/tools/bin/../lib/gcc/arm-none-eabi/10.3.1/../../../../arm-none-eabi/lib/thumb/v6-m/nofp\libcr_c.a(strlen.o)
 .ARM.attributes
                0x00000615       0x2c c:/nxp/mcuxpressoide_11.6.0_8187/ide/plugins/com.nxp.mcuxpresso.tools.win32_11.6.0.202112161359/tools/bin/../lib/gcc/arm-none-eabi/10.3.1/../../../../arm-none-eabi/lib/thumb/v6-m/nofp\libcr_c.a(__init_alloc.o)
 .ARM.attributes
                0x00000641       0x2c c:/nxp/mcuxpressoide_11.6.0_8187/ide/plugins/com.nxp.mcuxpresso.tools.win32_11.6.0.202112161359/tools/bin/../lib/gcc/arm-none-eabi/10.3.1/../../../../arm-none-eabi/lib/thumb/v6-m/nofp\libcr_c.a(_cr_sbrk.o)
 .ARM.attributes
                0x0000066d       0x2c c:/nxp/mcuxpressoide_11.6.0_8187/ide/plugins/com.nxp.mcuxpresso.tools.win32_11.6.0.202112161359/tools/bin/../lib/gcc/arm-none-eabi/10.3.1/../../../../arm-none-eabi/lib/thumb/v6-m/nofp\libcr_c.a(_fdopen.o)
 .ARM.attributes
                0x00000699       0x2c c:/nxp/mcuxpressoide_11.6.0_8187/ide/plugins/com.nxp.mcuxpresso.tools.win32_11.6.0.202112161359/tools/bin/../lib/gcc/arm-none-eabi/10.3.1/../../../../arm-none-eabi/lib/thumb/v6-m/nofp\libcr_c.a(errno.o)
 .ARM.attributes
                0x000006c5       0x2c c:/nxp/mcuxpressoide_11.6.0_8187/ide/plugins/com.nxp.mcuxpresso.tools.win32_11.6.0.202112161359/tools/bin/../lib/gcc/arm-none-eabi/10.3.1/../../../../arm-none-eabi/lib/thumb/v6-m/nofp\libcr_c.a(fclose.o)
 .ARM.attributes
                0x000006f1       0x2c c:/nxp/mcuxpressoide_11.6.0_8187/ide/plugins/com.nxp.mcuxpresso.tools.win32_11.6.0.202112161359/tools/bin/../lib/gcc/arm-none-eabi/10.3.1/../../../../arm-none-eabi/lib/thumb/v6-m/nofp\libcr_c.a(fflush.o)
 .ARM.attributes
                0x0000071d       0x2c c:/nxp/mcuxpressoide_11.6.0_8187/ide/plugins/com.nxp.mcuxpresso.tools.win32_11.6.0.202112161359/tools/bin/../lib/gcc/arm-none-eabi/10.3.1/../../../../arm-none-eabi/lib/thumb/v6-m/nofp\libcr_c.a(remove.o)
 .ARM.attributes
                0x00000749       0x2c c:/nxp/mcuxpressoide_11.6.0_8187/ide/plugins/com.nxp.mcuxpresso.tools.win32_11.6.0.202112161359/tools/bin/../lib/gcc/arm-none-eabi/10.3.1/../../../../arm-none-eabi/lib/thumb/v6-m/nofp\libcr_c.a(_cr_check_heap.o)
 .ARM.attributes
                0x00000775       0x2c c:/nxp/mcuxpressoide_11.6.0_8187/ide/plugins/com.nxp.mcuxpresso.tools.win32_11.6.0.202112161359/tools/bin/../lib/gcc/arm-none-eabi/10.3.1/../../../../arm-none-eabi/lib/thumb/v6-m/nofp\libcr_c.a(_do_fflush.o)
 .ARM.attributes
                0x000007a1       0x1c c:/nxp/mcuxpressoide_11.6.0_8187/ide/plugins/com.nxp.mcuxpresso.tools.win32_11.6.0.202112161359/tools/bin/../lib/gcc/arm-none-eabi/10.3.1/thumb/v6-m/nofp\libcr_eabihelpers.a(division_32.o)
 .ARM.attributes
                0x000007bd       0x1c c:/nxp/mcuxpressoide_11.6.0_8187/ide/plugins/com.nxp.mcuxpresso.tools.win32_11.6.0.202112161359/tools/bin/../lib/gcc/arm-none-eabi/10.3.1/thumb/v6-m/nofp\libcr_eabihelpers.a(division_idiv0.o)
 .ARM.attributes
                0x000007d9       0x1c c:/nxp/mcuxpressoide_11.6.0_8187/ide/plugins/com.nxp.mcuxpresso.tools.win32_11.6.0.202112161359/tools/bin/../lib/gcc/arm-none-eabi/10.3.1/thumb/v6-m/nofp\libcr_eabihelpers.a(llong.o)
 .ARM.attributes
                0x000007f5       0x1c c:/nxp/mcuxpressoide_11.6.0_8187/ide/plugins/com.nxp.mcuxpresso.tools.win32_11.6.0.202112161359/tools/bin/../lib/gcc/arm-none-eabi/10.3.1/thumb/v6-m/nofp\libcr_eabihelpers.a(memcpy.o)
 .ARM.attributes
                0x00000811       0x1c c:/nxp/mcuxpressoide_11.6.0_8187/ide/plugins/com.nxp.mcuxpresso.tools.win32_11.6.0.202112161359/tools/bin/../lib/gcc/arm-none-eabi/10.3.1/thumb/v6-m/nofp\libcr_eabihelpers.a(thumb1_switch_helpers.o)
 .ARM.attributes
                0x0000082d       0x1c c:/nxp/mcuxpressoide_11.6.0_8187/ide/plugins/com.nxp.mcuxpresso.tools.win32_11.6.0.202112161359/tools/bin/../lib/gcc/arm-none-eabi/10.3.1/../../../../arm-none-eabi/lib/thumb/v6-m/nofp\libcr_semihost_nf.a(__sys_close.o)
 .ARM.attributes
                0x00000849       0x1c c:/nxp/mcuxpressoide_11.6.0_8187/ide/plugins/com.nxp.mcuxpresso.tools.win32_11.6.0.202112161359/tools/bin/../lib/gcc/arm-none-eabi/10.3.1/../../../../arm-none-eabi/lib/thumb/v6-m/nofp\libcr_semihost_nf.a(__sys_flen.o)
 .ARM.attributes
                0x00000865       0x1c c:/nxp/mcuxpressoide_11.6.0_8187/ide/plugins/com.nxp.mcuxpresso.tools.win32_11.6.0.202112161359/tools/bin/../lib/gcc/arm-none-eabi/10.3.1/../../../../arm-none-eabi/lib/thumb/v6-m/nofp\libcr_semihost_nf.a(__sys_istty.o)
 .ARM.attributes
                0x00000881       0x1c c:/nxp/mcuxpressoide_11.6.0_8187/ide/plugins/com.nxp.mcuxpresso.tools.win32_11.6.0.202112161359/tools/bin/../lib/gcc/arm-none-eabi/10.3.1/../../../../arm-none-eabi/lib/thumb/v6-m/nofp\libcr_semihost_nf.a(__sys_remove.o)
 .ARM.attributes
                0x0000089d       0x1c c:/nxp/mcuxpressoide_11.6.0_8187/ide/plugins/com.nxp.mcuxpresso.tools.win32_11.6.0.202112161359/tools/bin/../lib/gcc/arm-none-eabi/10.3.1/../../../../arm-none-eabi/lib/thumb/v6-m/nofp\libcr_semihost_nf.a(__sys_seek.o)
 .ARM.attributes
                0x000008b9       0x1c c:/nxp/mcuxpressoide_11.6.0_8187/ide/plugins/com.nxp.mcuxpresso.tools.win32_11.6.0.202112161359/tools/bin/../lib/gcc/arm-none-eabi/10.3.1/../../../../arm-none-eabi/lib/thumb/v6-m/nofp\libcr_semihost_nf.a(__sys_tmpnam.o)

.debug_frame    0x00000000     0x19e8
 .debug_frame   0x00000000      0x10c ./utilities/fsl_debug_console.o
 .debug_frame   0x0000010c      0x3b0 ./startup/startup_mkl25z4.o
 .debug_frame   0x000004bc       0x90 ./source/isha.o
 .debug_frame   0x0000054c       0x74 ./source/main.o
 .debug_frame   0x000005c0       0x80 ./source/pbkdf2.o
 .debug_frame   0x00000640       0xe4 ./source/pbkdf2_test.o
 .debug_frame   0x00000724       0x20 ./source/semihost_hardfault.o
 .debug_frame   0x00000744       0xfc ./source/ticktime.o
 .debug_frame   0x00000840      0x6e0 ./drivers/fsl_clock.o
 .debug_frame   0x00000f20      0x414 ./drivers/fsl_lpsci.o
 .debug_frame   0x00001334      0x464 ./drivers/fsl_uart.o
 .debug_frame   0x00001798       0x50 ./board/board.o
 .debug_frame   0x000017e8      0x100 ./board/clock_config.o
 .debug_frame   0x000018e8       0x2c ./board/peripherals.o
 .debug_frame   0x00001914       0x88 ./board/pin_mux.o
 .debug_frame   0x0000199c       0x4c ./CMSIS/system_MKL25Z4.o

Cross Reference Table

Symbol                                            File
ADC0_DriverIRQHandler                             ./startup/startup_mkl25z4.o
ADC0_IRQHandler                                   ./startup/startup_mkl25z4.o
BOARD_BootClockRUN                                ./board/clock_config.o
BOARD_BootClockVLPR                               ./board/clock_config.o
BOARD_InitBootClocks                              ./board/clock_config.o
                                                  ./source/main.o
BOARD_InitBootPeripherals                         ./board/peripherals.o
                                                  ./source/main.o
BOARD_InitBootPins                                ./board/pin_mux.o
                                                  ./source/main.o
BOARD_InitDebugConsole                            ./board/board.o
                                                  ./source/main.o
BOARD_InitPins                                    ./board/pin_mux.o
CLOCK_BootToBlpeMode                              ./drivers/fsl_clock.o
CLOCK_BootToBlpiMode                              ./drivers/fsl_clock.o
                                                  ./board/clock_config.o
CLOCK_BootToFeeMode                               ./drivers/fsl_clock.o
CLOCK_BootToFeiMode                               ./drivers/fsl_clock.o
CLOCK_BootToPeeMode                               ./drivers/fsl_clock.o
                                                  ./board/clock_config.o
CLOCK_CalcPllDiv                                  ./drivers/fsl_clock.o
CLOCK_ClearStatusFlags                            ./drivers/fsl_clock.o
CLOCK_DeinitOsc0                                  ./drivers/fsl_clock.o
CLOCK_EnablePll0                                  ./drivers/fsl_clock.o
CLOCK_EnableUsbfs0Clock                           ./drivers/fsl_clock.o
CLOCK_ExternalModeToFbeModeQuick                  ./drivers/fsl_clock.o
CLOCK_FllStableDelay                              ./drivers/fsl_clock.o
CLOCK_GetBusClkFreq                               ./drivers/fsl_clock.o
CLOCK_GetCoreSysClkFreq                           ./drivers/fsl_clock.o
CLOCK_GetEr32kClkFreq                             ./drivers/fsl_clock.o
CLOCK_GetFixedFreqClkFreq                         ./drivers/fsl_clock.o
CLOCK_GetFlashClkFreq                             ./drivers/fsl_clock.o
CLOCK_GetFllFreq                                  ./drivers/fsl_clock.o
CLOCK_GetFreq                                     ./drivers/fsl_clock.o
CLOCK_GetInternalRefClkFreq                       ./drivers/fsl_clock.o
CLOCK_GetMode                                     ./drivers/fsl_clock.o
CLOCK_GetOsc0ErClkFreq                            ./drivers/fsl_clock.o
CLOCK_GetOutClkFreq                               ./drivers/fsl_clock.o
CLOCK_GetPlatClkFreq                              ./drivers/fsl_clock.o
CLOCK_GetPll0Freq                                 ./drivers/fsl_clock.o
CLOCK_GetPllFllSelClkFreq                         ./drivers/fsl_clock.o
                                                  ./board/board.o
CLOCK_GetStatusFlags                              ./drivers/fsl_clock.o
CLOCK_InitOsc0                                    ./drivers/fsl_clock.o
                                                  ./board/clock_config.o
CLOCK_InternalModeToFbiModeQuick                  ./drivers/fsl_clock.o
CLOCK_SetBlpeMode                                 ./drivers/fsl_clock.o
CLOCK_SetBlpiMode                                 ./drivers/fsl_clock.o
CLOCK_SetExternalRefClkConfig                     ./drivers/fsl_clock.o
CLOCK_SetFbeMode                                  ./drivers/fsl_clock.o
CLOCK_SetFbiMode                                  ./drivers/fsl_clock.o
CLOCK_SetFeeMode                                  ./drivers/fsl_clock.o
CLOCK_SetFeiMode                                  ./drivers/fsl_clock.o
CLOCK_SetInternalRefClkConfig                     ./drivers/fsl_clock.o
                                                  ./board/clock_config.o
CLOCK_SetMcgConfig                                ./drivers/fsl_clock.o
CLOCK_SetOsc0MonitorMode                          ./drivers/fsl_clock.o
CLOCK_SetPbeMode                                  ./drivers/fsl_clock.o
CLOCK_SetPeeMode                                  ./drivers/fsl_clock.o
CLOCK_SetPll0MonitorMode                          ./drivers/fsl_clock.o
CLOCK_SetSimConfig                                ./drivers/fsl_clock.o
                                                  ./board/clock_config.o
CLOCK_TrimInternalRefClk                          ./drivers/fsl_clock.o
CMP0_DriverIRQHandler                             ./startup/startup_mkl25z4.o
CMP0_IRQHandler                                   ./startup/startup_mkl25z4.o
DAC0_DriverIRQHandler                             ./startup/startup_mkl25z4.o
DAC0_IRQHandler                                   ./startup/startup_mkl25z4.o
DMA0_DriverIRQHandler                             ./startup/startup_mkl25z4.o
DMA0_IRQHandler                                   ./startup/startup_mkl25z4.o
DMA1_DriverIRQHandler                             ./startup/startup_mkl25z4.o
DMA1_IRQHandler                                   ./startup/startup_mkl25z4.o
DMA2_DriverIRQHandler                             ./startup/startup_mkl25z4.o
DMA2_IRQHandler                                   ./startup/startup_mkl25z4.o
DMA3_DriverIRQHandler                             ./startup/startup_mkl25z4.o
DMA3_IRQHandler                                   ./startup/startup_mkl25z4.o
DbgConsole_Deinit                                 ./utilities/fsl_debug_console.o
DbgConsole_Init                                   ./utilities/fsl_debug_console.o
                                                  ./board/board.o
FLASH_Erase                                       ./drivers/fsl_flash.o
FLASH_EraseAll                                    ./drivers/fsl_flash.o
FLASH_EraseAllExecuteOnlySegments                 ./drivers/fsl_flash.o
FLASH_GetProperty                                 ./drivers/fsl_flash.o
FLASH_GetSecurityState                            ./drivers/fsl_flash.o
FLASH_Init                                        ./drivers/fsl_flash.o
FLASH_IsExecuteOnly                               ./drivers/fsl_flash.o
FLASH_IsProtected                                 ./drivers/fsl_flash.o
FLASH_PflashGetPrefetchSpeculation                ./drivers/fsl_flash.o
FLASH_PflashGetProtection                         ./drivers/fsl_flash.o
FLASH_PflashSetPrefetchSpeculation                ./drivers/fsl_flash.o
                                                  ./drivers/fsl_smc.o
FLASH_PflashSetProtection                         ./drivers/fsl_flash.o
FLASH_PrepareExecuteInRamFunctions                ./drivers/fsl_flash.o
FLASH_Program                                     ./drivers/fsl_flash.o
FLASH_ProgramOnce                                 ./drivers/fsl_flash.o
FLASH_ReadOnce                                    ./drivers/fsl_flash.o
FLASH_ReadResource                                ./drivers/fsl_flash.o
FLASH_SecurityBypass                              ./drivers/fsl_flash.o
FLASH_SetCallback                                 ./drivers/fsl_flash.o
FLASH_SetProperty                                 ./drivers/fsl_flash.o
FLASH_VerifyErase                                 ./drivers/fsl_flash.o
FLASH_VerifyEraseAll                              ./drivers/fsl_flash.o
FLASH_VerifyEraseAllExecuteOnlySegments           ./drivers/fsl_flash.o
FLASH_VerifyProgram                               ./drivers/fsl_flash.o
FTFA_DriverIRQHandler                             ./startup/startup_mkl25z4.o
FTFA_IRQHandler                                   ./startup/startup_mkl25z4.o
Flash_Config                                      ./startup/startup_mkl25z4.o
GPIO_ClearPinsInterruptFlags                      ./drivers/fsl_gpio.o
GPIO_GetPinsInterruptFlags                        ./drivers/fsl_gpio.o
GPIO_PinInit                                      ./drivers/fsl_gpio.o
HardFault_Handler                                 ./source/semihost_hardfault.o
                                                  ./startup/startup_mkl25z4.o
I2C0_DriverIRQHandler                             ./startup/startup_mkl25z4.o
I2C0_IRQHandler                                   ./startup/startup_mkl25z4.o
I2C1_DriverIRQHandler                             ./startup/startup_mkl25z4.o
I2C1_IRQHandler                                   ./startup/startup_mkl25z4.o
ISHAInput                                         ./source/isha.o
                                                  ./source/pbkdf2_test.o
                                                  ./source/pbkdf2.o
ISHAProcessMessageBlock                           ./source/ISHAPMB.o
                                                  ./source/isha.o
ISHAReset                                         ./source/isha.o
                                                  ./source/pbkdf2_test.o
                                                  ./source/pbkdf2.o
ISHAResult                                        ./source/isha.o
                                                  ./source/pbkdf2_test.o
                                                  ./source/pbkdf2.o
InstallIRQHandler                                 ./drivers/fsl_common.o
IntDefaultHandler                                 ./startup/startup_mkl25z4.o
LLWU_DriverIRQHandler                             ./startup/startup_mkl25z4.o
LLWU_IRQHandler                                   ./startup/startup_mkl25z4.o
LPSCI_ClearStatusFlags                            ./drivers/fsl_lpsci.o
LPSCI_Deinit                                      ./drivers/fsl_lpsci.o
                                                  ./utilities/fsl_debug_console.o
LPSCI_DisableInterrupts                           ./drivers/fsl_lpsci.o
LPSCI_EnableInterrupts                            ./drivers/fsl_lpsci.o
LPSCI_GetDefaultConfig                            ./drivers/fsl_lpsci.o
                                                  ./utilities/fsl_debug_console.o
LPSCI_GetEnabledInterrupts                        ./drivers/fsl_lpsci.o
LPSCI_GetInstance                                 ./drivers/fsl_lpsci.o
LPSCI_GetStatusFlags                              ./drivers/fsl_lpsci.o
LPSCI_Init                                        ./drivers/fsl_lpsci.o
                                                  ./utilities/fsl_debug_console.o
LPSCI_ReadBlocking                                ./drivers/fsl_lpsci.o
                                                  ./utilities/fsl_debug_console.o
LPSCI_SetBaudRate                                 ./drivers/fsl_lpsci.o
LPSCI_TransferAbortReceive                        ./drivers/fsl_lpsci.o
LPSCI_TransferAbortSend                           ./drivers/fsl_lpsci.o
LPSCI_TransferCreateHandle                        ./drivers/fsl_lpsci.o
LPSCI_TransferGetReceiveCount                     ./drivers/fsl_lpsci.o
LPSCI_TransferGetSendCount                        ./drivers/fsl_lpsci.o
LPSCI_TransferHandleErrorIRQ                      ./drivers/fsl_lpsci.o
LPSCI_TransferHandleIRQ                           ./drivers/fsl_lpsci.o
LPSCI_TransferReceiveNonBlocking                  ./drivers/fsl_lpsci.o
LPSCI_TransferSendNonBlocking                     ./drivers/fsl_lpsci.o
LPSCI_TransferStartRingBuffer                     ./drivers/fsl_lpsci.o
LPSCI_TransferStopRingBuffer                      ./drivers/fsl_lpsci.o
LPSCI_WriteBlocking                               ./drivers/fsl_lpsci.o
                                                  ./utilities/fsl_debug_console.o
LPTMR0_DriverIRQHandler                           ./startup/startup_mkl25z4.o
LPTMR0_IRQHandler                                 ./startup/startup_mkl25z4.o
LVD_LVW_DriverIRQHandler                          ./startup/startup_mkl25z4.o
LVD_LVW_IRQHandler                                ./startup/startup_mkl25z4.o
MCG_DriverIRQHandler                              ./startup/startup_mkl25z4.o
MCG_IRQHandler                                    ./startup/startup_mkl25z4.o
NMI_Handler                                       ./startup/startup_mkl25z4.o
PIT_DriverIRQHandler                              ./startup/startup_mkl25z4.o
PIT_IRQHandler                                    ./startup/startup_mkl25z4.o
PORTA_DriverIRQHandler                            ./startup/startup_mkl25z4.o
PORTA_IRQHandler                                  ./startup/startup_mkl25z4.o
PORTD_DriverIRQHandler                            ./startup/startup_mkl25z4.o
PORTD_IRQHandler                                  ./startup/startup_mkl25z4.o
PendSV_Handler                                    ./startup/startup_mkl25z4.o
RTC_DriverIRQHandler                              ./startup/startup_mkl25z4.o
RTC_IRQHandler                                    ./startup/startup_mkl25z4.o
RTC_Seconds_DriverIRQHandler                      ./startup/startup_mkl25z4.o
RTC_Seconds_IRQHandler                            ./startup/startup_mkl25z4.o
Reserved20_DriverIRQHandler                       ./startup/startup_mkl25z4.o
Reserved20_IRQHandler                             ./startup/startup_mkl25z4.o
Reserved39_DriverIRQHandler                       ./startup/startup_mkl25z4.o
Reserved39_IRQHandler                             ./startup/startup_mkl25z4.o
Reserved45_DriverIRQHandler                       ./startup/startup_mkl25z4.o
Reserved45_IRQHandler                             ./startup/startup_mkl25z4.o
ResetISR                                          ./startup/startup_mkl25z4.o
SMC_PostExitStopModes                             ./drivers/fsl_smc.o
SMC_PreEnterStopModes                             ./drivers/fsl_smc.o
SMC_SetPowerModeLls                               ./drivers/fsl_smc.o
SMC_SetPowerModeRun                               ./drivers/fsl_smc.o
SMC_SetPowerModeStop                              ./drivers/fsl_smc.o
SMC_SetPowerModeVlls                              ./drivers/fsl_smc.o
SMC_SetPowerModeVlpr                              ./drivers/fsl_smc.o
                                                  ./board/clock_config.o
SMC_SetPowerModeVlps                              ./drivers/fsl_smc.o
SMC_SetPowerModeVlpw                              ./drivers/fsl_smc.o
SMC_SetPowerModeWait                              ./drivers/fsl_smc.o
SPI0_DriverIRQHandler                             ./startup/startup_mkl25z4.o
SPI0_IRQHandler                                   ./startup/startup_mkl25z4.o
SPI1_DriverIRQHandler                             ./startup/startup_mkl25z4.o
SPI1_IRQHandler                                   ./startup/startup_mkl25z4.o
SVC_Handler                                       ./startup/startup_mkl25z4.o
SysTick_Handler                                   ./source/ticktime.o
                                                  ./startup/startup_mkl25z4.o
SystemCoreClock                                   ./CMSIS/system_MKL25Z4.o
                                                  ./board/clock_config.o
SystemCoreClockUpdate                             ./CMSIS/system_MKL25Z4.o
SystemInit                                        ./CMSIS/system_MKL25Z4.o
                                                  ./startup/startup_mkl25z4.o
TPM0_DriverIRQHandler                             ./startup/startup_mkl25z4.o
TPM0_IRQHandler                                   ./startup/startup_mkl25z4.o
TPM1_DriverIRQHandler                             ./startup/startup_mkl25z4.o
TPM1_IRQHandler                                   ./startup/startup_mkl25z4.o
TPM2_DriverIRQHandler                             ./startup/startup_mkl25z4.o
TPM2_IRQHandler                                   ./startup/startup_mkl25z4.o
TSI0_DriverIRQHandler                             ./startup/startup_mkl25z4.o
TSI0_IRQHandler                                   ./startup/startup_mkl25z4.o
UART0_DriverIRQHandler                            ./drivers/fsl_lpsci.o
                                                  ./startup/startup_mkl25z4.o
UART0_IRQHandler                                  ./startup/startup_mkl25z4.o
UART1_DriverIRQHandler                            ./drivers/fsl_uart.o
                                                  ./startup/startup_mkl25z4.o
UART1_IRQHandler                                  ./startup/startup_mkl25z4.o
UART1_RX_TX_DriverIRQHandler                      ./drivers/fsl_uart.o
UART2_DriverIRQHandler                            ./drivers/fsl_uart.o
                                                  ./startup/startup_mkl25z4.o
UART2_IRQHandler                                  ./startup/startup_mkl25z4.o
UART2_RX_TX_DriverIRQHandler                      ./drivers/fsl_uart.o
UART_ClearStatusFlags                             ./drivers/fsl_uart.o
UART_Deinit                                       ./drivers/fsl_uart.o
                                                  ./utilities/fsl_debug_console.o
UART_DisableInterrupts                            ./drivers/fsl_uart.o
UART_EnableInterrupts                             ./drivers/fsl_uart.o
UART_GetDefaultConfig                             ./drivers/fsl_uart.o
                                                  ./utilities/fsl_debug_console.o
UART_GetEnabledInterrupts                         ./drivers/fsl_uart.o
UART_GetInstance                                  ./drivers/fsl_uart.o
UART_GetStatusFlags                               ./drivers/fsl_uart.o
UART_Init                                         ./drivers/fsl_uart.o
                                                  ./utilities/fsl_debug_console.o
UART_ReadBlocking                                 ./drivers/fsl_uart.o
                                                  ./utilities/fsl_debug_console.o
UART_SetBaudRate                                  ./drivers/fsl_uart.o